
Initial statistics: 6 variables; iteration 0; function evaluation 0; phase 1
Function value 7.2483806e+03; maximum gradient component mag 1.9639e+04
Var    Value     Gradient |Var    Value     Gradient |Var    Value     Gradient
  1 -0.10252  1.96394e+04 |  2 -0.71808 -3.45553e+01 |  3 -0.37792  6.73002e+00
  4  0.10793  6.86785e+03 |  5  0.12405  1.74368e+04 |  6  0.50383  2.68629e+03

 - final statistics:
6 variables; iteration 15; function evaluation 23
Function value 5.8263e+03; maximum gradient component mag -3.2309e+00
Exit code = 1;  converg criter 1.0000e+01
Var    Value     Gradient |Var    Value     Gradient |Var    Value     Gradient
  1 -0.16657 -3.81227e-01 |  2  0.05278  1.96739e-02 |  3 -0.08949 -2.62691e-02
  4  0.09037 -5.65334e-01 |  5  0.11630 -3.23086e+00 |  6  0.45358 -8.12272e-02

Initial statistics: 24 variables; iteration 0; function evaluation 0; phase 2
Function value 5.8262683e+03; maximum gradient component mag 4.0342e+03
Var    Value     Gradient |Var    Value     Gradient |Var    Value     Gradient
  1 -0.16657 -3.81227e-01 |  2  0.05278  1.96739e-02 |  3 -0.08949 -2.62691e-02
  4  0.09037 -5.65334e-01 |  5  0.00000 -7.84770e-16 |  6 -0.00000 -5.44870e-16
  7  0.11630 -3.23086e+00 |  8  0.00447  7.07719e-01 |  9 -0.01041  6.10353e+00
 10  0.45358 -8.12272e-02 | 11  0.00000  3.33525e-01 | 12  0.00000  1.08460e-01
 13  0.00000 -6.53975e-16 | 14 -0.48584  6.49316e+01 | 15 -0.00000 -2.72435e-16
 16 -0.60505 -3.36672e+01 | 17  0.00017 -2.79950e+00 | 18 -0.62187  4.03424e+03
 19  0.01637  5.86545e+01 | 20 -0.28235 -1.64162e+03 | 21  0.00000 -6.53975e-16
 22 -0.24505  8.15147e+01 | 23  0.00000  0.00000e+00 | 24  0.28102 -4.29649e+00

Intermediate statistics: 24 variables; iteration 20; function evaluation 37; phase 2
Function value 5.6497214e+03; maximum gradient component mag 6.8221e+02
Var    Value     Gradient |Var    Value     Gradient |Var    Value     Gradient
  1 -0.15915  6.82215e+02 |  2  0.03098 -2.25669e-01 |  3 -0.13921 -5.72607e-01
  4  0.08824 -2.05063e+01 |  5  0.00000 -7.84770e-16 |  6 -0.00000 -2.17948e-15
  7  0.11421  3.38878e+02 |  8 -0.21862 -2.46146e+00 |  9 -0.09577 -1.54812e+00
 10  0.43568  5.63227e+01 | 11 -0.04870  3.38616e-01 | 12  0.05915  1.00687e+00
 13  0.00000  8.50168e-15 | 14 -0.49060  1.51800e+00 | 15  0.00000  1.36218e-15
 16 -0.58726  5.84227e+00 | 17  0.30808  4.73573e-01 | 18 -0.70064 -8.64879e+01
 19 -0.51393  2.25571e+01 | 20 -0.34562  9.13209e+01 | 21  0.00000  8.50168e-15
 22 -0.31930 -8.47237e+00 | 23  0.00000  0.00000e+00 | 24  0.11045 -1.40265e+01

 - final statistics:
24 variables; iteration 27; function evaluation 44
Function value 5.6478e+03; maximum gradient component mag -4.7142e+00
Exit code = 1;  converg criter 1.0000e+01
Var    Value     Gradient |Var    Value     Gradient |Var    Value     Gradient
  1 -0.15977 -4.71418e+00 |  2  0.04741 -5.72712e-02 |  3 -0.11025 -1.37490e-02
  4  0.08852 -9.84346e-02 |  5 -0.00000 -1.31807e-10 |  6 -0.00000 -1.36686e-10
  7  0.11256 -2.71711e+00 |  8 -0.06615  1.36151e-02 |  9 -0.09215 -2.05611e-02
 10  0.43505 -6.74304e-01 | 11 -0.06858 -1.45125e-02 | 12 -0.01233  3.22272e-03
 13  0.00000  1.18784e-09 | 14 -0.49103 -1.12479e-02 | 15 -0.00000 -4.35896e-14
 16 -0.59101  2.65223e-01 | 17  0.27651  5.15317e-04 | 18 -0.70092 -1.21115e+00
 19 -0.52817  4.61594e-02 | 20 -0.35685  3.63329e-01 | 21  0.00000  1.18784e-09
 22 -0.30122 -2.94200e-01 | 23  0.00000  0.00000e+00 | 24  0.16330 -2.67759e-02

Initial statistics: 151 variables; iteration 0; function evaluation 0; phase 3
Function value 5.6478419e+03; maximum gradient component mag -8.7903e+03
Var    Value     Gradient |Var    Value     Gradient |Var    Value     Gradient
  1 -0.15977 -4.71418e+00 |  2  0.00000 -3.35737e+03 |  3  0.00000 -1.63191e+03
  4  0.00000  2.93285e+03 |  5  0.00000  6.65640e+03 |  6  0.00000  3.53223e+03
  7  0.00000  5.93419e+01 |  8  0.00000 -6.39154e+03 |  9  0.00000  1.00267e+03
 10  0.00000  2.35398e+03 | 11  0.00000  1.08557e+03 | 12  0.00000 -1.05796e+02
 13  0.00000 -3.73694e+03 | 14  0.00000 -3.55914e+03 | 15  0.00000  3.67886e+03
 16  0.00000  7.02604e+03 | 17  0.00000  2.97142e+03 | 18  0.00000 -3.33272e+03
 19  0.00000 -3.60771e+02 | 20  0.00000 -1.32670e+03 | 21  0.00000 -3.17312e+03
 22  0.00000 -5.69520e+02 | 23  0.00000 -2.61843e+02 | 24  0.00000 -3.07698e+02
 25  0.00000  2.67396e+02 | 26  0.00000  9.39053e+02 | 27  0.00000  1.55586e+03
 28  0.00000  1.49760e+03 | 29  0.00000  9.80015e+02 | 30  0.00000  4.03789e+02
 31  0.00000  2.39818e+02 | 32  0.00000  5.46723e+02 | 33  0.00000  1.61166e+03
 34  0.00000  1.31532e+03 | 35  0.00000 -1.48269e+03 | 36  0.00000 -1.60926e+03
 37  0.00000 -2.75959e+02 | 38  0.00000  3.65721e+02 | 39  0.00000  1.73613e+01
 40  0.00000  1.62025e+03 | 41  0.00000  8.80295e+02 | 42  0.00000 -8.21231e+02
 43  0.00000 -8.82311e+02 | 44  0.00000 -1.31472e+03 | 45  0.00000  1.31352e+02
 46  0.00000  1.03209e+03 | 47  0.00000  5.12086e+02 | 48  0.00000 -6.73535e+02
 49  0.00000 -1.04536e+03 | 50  0.00000 -3.71166e+02 | 51  0.00000  8.69853e+02
 52  0.00000  1.16021e+03 | 53  0.00000  6.00744e+02 | 54  0.00000 -2.52947e+02
 55  0.00000 -1.53741e+03 | 56  0.00000 -8.72900e+02 | 57  0.00000  1.92506e+02
 58  0.00000  2.77700e+02 | 59  0.00000  4.83652e+02 | 60  0.00000  5.37096e+02
 61  0.00000  8.08888e+02 | 62  0.00000  2.27496e+02 | 63  0.00000 -7.60350e+02
 64  0.00000 -9.16679e+02 | 65  0.00000 -2.74156e+02 | 66  0.00000  6.62754e+02
 67  0.00000  7.38902e+02 | 68  0.00000  5.82169e+02 | 69  0.00000 -4.64210e+02
 70  0.00000 -2.03752e+02 | 71  0.00000 -6.15621e+02 | 72  0.00000 -1.50214e+02
 73  0.00000  7.45923e+02 | 74  0.00000  1.06184e+02 | 75  0.00000 -6.20671e+02
 76  0.00000  5.43052e+02 | 77  0.00000  1.52473e+02 | 78  0.00000 -1.90887e+03
 79  0.00000 -1.24481e+03 | 80  0.00000  1.90008e+02 | 81  0.00000  7.20211e+02
 82  0.00000  7.33042e+02 | 83  0.00000  1.24499e+03 | 84  0.00000  8.76017e+02
 85  0.00000  3.22085e+02 | 86  0.00000 -3.55815e+01 | 87  0.00000 -1.38367e+03
 88  0.00000 -1.18740e+03 | 89  0.00000  1.76135e+02 | 90  0.00000  2.07275e+02
 91  0.00000  1.11363e+02 | 92  0.00000  3.23402e-01 | 93  0.00000  1.59759e-01
 94  0.04741 -5.72712e-02 | 95 -0.11025 -1.37490e-02 | 96 -0.10324 -1.02229e+02
 97 -0.66899 -4.80751e+01 | 98 -0.50165 -7.11616e+00 | 99 -0.78503 -1.29237e+02
100 -0.81077 -5.74817e+02 |101  0.08852 -9.84346e-02 |102  0.00000  1.57698e-03
103  0.04041 -2.00490e+03 |104  0.19239  2.67701e-02 |105  0.00000  1.17258e-15
106 -0.00000 -1.31807e-10 |107 -0.00000 -1.36686e-10 |108 -0.12772 -4.37748e-07
109  0.01263 -9.08515e-10 |110  0.11256 -2.71711e+00 |111 -0.09113 -1.46000e+02
112  0.01749 -8.79035e+03 |113 -0.17559 -4.55077e+01 |114  0.00000 -7.31460e-16
115 -0.06615  1.36151e-02 |116 -0.09215 -2.05611e-02 |117  0.00000 -2.86909e-06
118  0.08274  7.84079e+01 |119  0.43505 -6.74304e-01 |120 -0.01376  3.32097e+01
121 -0.12524  2.16161e+03 |122  0.12698  6.76386e-03 |123  0.00000  3.54151e-05
124 -0.06858 -1.45125e-02 |125 -0.01233  3.22272e-03 |126  0.12714 -6.02425e-02
127 -0.31868  5.80286e+00 |128  0.00000  1.18784e-09 |129 -0.49103 -1.12479e-02
130 -0.00000 -4.35896e-14 |131 -0.59101  2.65223e-01 |132  0.00000  0.00000e+00
133 -0.14320  1.20342e+03 |134  0.00000  5.75241e-07 |135 -0.00344 -1.76721e+02
136  0.27651  5.15317e-04 |137 -0.70092 -1.21115e+00 |138 -0.52817  4.61594e-02
139 -0.35685  3.63329e-01 |140  0.00000  6.75371e-08 |141  0.00000  8.75736e-06
142  0.12997  7.81779e+02 |143 -0.17940  4.12244e+02 |144  0.00000  1.18784e-09
145 -0.30122 -2.94200e-01 |146  0.00000  0.00000e+00 |147  0.16330 -2.67759e-02
148 -0.00000 -1.76558e-07 |149  0.05898  1.08493e+01 |150 -0.00000 -3.40753e-07
151 -0.07265 -1.02371e+02 |

Intermediate statistics: 151 variables; iteration 20; function evaluation 27; phase 3
Function value 2.6583516e+03; maximum gradient component mag -4.7196e+04
Var    Value     Gradient |Var    Value     Gradient |Var    Value     Gradient
  1 -0.15913  1.69483e+04 |  2  0.03949  8.08738e+02 |  3 -0.25904 -4.56614e+01
  4 -0.02183  1.31931e+03 |  5 -0.11440  1.13902e+03 |  6 -0.04668  1.17521e+03
  7 -0.11758  6.27226e+00 |  8  0.04493 -2.01059e+03 |  9 -0.07479  2.87290e+02
 10 -0.05052  8.54941e+02 | 11 -0.03416  7.27987e+02 | 12 -0.06066  2.33945e+02
 13  0.00581 -1.89739e+03 | 14  0.00818 -2.78083e+03 | 15 -0.05778  4.66027e+02
 16 -0.06095  1.50884e+03 | 17 -0.06984  1.29479e+03 | 18  0.04425  2.73034e+03
 19 -0.01113  9.44964e+02 | 20  0.01810  4.65265e+02 | 21  0.06311  4.49655e+02
 22 -0.12660  8.81667e+01 | 23 -0.02502  8.42761e+01 | 24  0.00836  1.80395e+02
 25 -0.00475  4.10223e+02 | 26 -0.02451  6.00926e+02 | 27 -0.07383  4.13565e+02
 28 -0.08912  3.11782e+02 | 29 -0.05218  3.98754e+02 | 30  0.01331  7.83418e+02
 31  0.00336  1.08388e+03 | 32 -0.00158  1.36863e+03 | 33 -0.05880  8.50785e+02
 34 -0.18465  1.80264e+01 | 35 -0.03226 -1.06451e+03 | 36  0.04675  2.22205e+03
 37 -0.07628  2.16621e+02 | 38 -0.03868 -1.81237e+02 | 39 -0.03206 -4.93121e+02
 40 -0.05292  2.52561e+02 | 41 -0.14488 -1.64606e+01 | 42  0.03649 -1.57020e+02
 43 -0.01221 -1.21399e+02 | 44  0.08459  1.74041e+02 | 45 -0.07483  3.72247e+01
 46 -0.04128  1.96866e+02 | 47 -0.03318  8.64785e+01 | 48  0.03029 -6.53164e+01
 49  0.04801 -7.96176e+01 | 50  0.00464 -8.01432e+01 | 51 -0.08667  7.60087e+01
 52 -0.06049  1.86124e+02 | 53 -0.01256  1.18074e+02 | 54 -0.07019 -8.69045e+01
 55  0.09047  3.50351e+02 | 56  0.02164 -6.87627e+01 | 57 -0.06104  6.20255e+00
 58 -0.00149  1.37505e+01 | 59 -0.04670  4.95490e+01 | 60 -0.02395  7.02355e+01
 61 -0.06293  5.08960e+01 | 62 -0.04674 -7.42232e+01 | 63  0.02757 -7.60300e+01
 64  0.03671 -6.39767e+01 | 65 -0.00206 -6.39296e+01 | 66 -0.05166  1.04306e+02
 67 -0.01290  2.18245e+02 | 68 -0.08302  5.69271e+01 | 69  0.04119  2.73885e+01
 70 -0.04766 -5.23022e+01 | 71  0.04577 -2.92569e+01 | 72  0.01506  6.26641e+01
 73 -0.06210  8.25764e+01 | 74 -0.02001 -1.23734e+01 | 75  0.05674 -4.22090e+01
 76 -0.07552 -1.85257e+00 | 77 -0.15932 -1.77503e+01 | 78  0.11854  5.03829e+02
 79  0.03303 -1.99871e+02 | 80 -0.09647 -4.55000e+01 | 81 -0.03700  5.44134e+00
 82 -0.01732  8.14600e+01 | 83 -0.09573  5.59854e+01 | 84 -0.04985 -2.50759e+00
 85  0.01624  2.07069e+01 | 86 -0.06074 -1.09925e+02 | 87  0.11165 -4.87336e+01
 88  0.13604 -8.03731e+01 | 89 -0.02760  3.67242e-02 | 90  0.08358 -7.86634e+01
 91 -0.02964  5.60984e+00 | 92  0.00003 -3.55473e-01 | 93  0.00017 -4.70757e-01
 94  0.04734 -2.03556e-01 | 95 -0.10948  3.45182e-01 | 96 -0.09957  1.26162e+00
 97 -0.67719  8.05677e+00 | 98 -0.50402  4.46208e+00 | 99 -0.78030 -2.84132e+01
100 -0.78515 -1.12229e+02 |101  0.09557  5.24158e+03 |102 -0.00000  1.29019e-02
103  0.03758 -2.90321e+04 |104  0.19237  7.73996e-02 |105 -0.00000  2.81651e-15
106 -0.00000 -1.30781e-10 |107 -0.00000 -1.35617e-10 |108 -0.12772 -4.37432e-07
109  0.01263 -9.08210e-10 |110  0.12836  6.69636e+03 |111 -0.11961  2.75001e+02
112  0.01704 -4.71958e+04 |113 -0.12629  2.94117e+02 |114  0.00000  4.31452e-16
115 -0.06576  4.22669e-01 |116 -0.10177 -1.24546e+01 |117  0.00000 -2.56058e-06
118  0.07121  4.56144e+01 |119  0.30341  3.61033e+02 |120 -0.02532  5.13604e+01
121 -0.13262 -1.20595e+04 |122  0.12697  8.63450e-02 |123 -0.00000  1.97151e-04
124 -0.06742 -2.17618e+00 |125 -0.01215 -9.49589e-02 |126  0.12710  6.98304e-02
127 -0.31762 -8.06690e-01 |128  0.00000  1.17856e-09 |129 -0.47534  4.77595e+01
130 -0.00000 -4.35896e-14 |131 -0.58896  2.82171e+01 |132  0.00000  0.00000e+00
133 -0.20756 -5.75616e+02 |134  0.00000  5.73740e-07 |135 -0.00479 -4.21752e+02
136  0.27400  1.28260e+01 |137 -0.54165  8.84345e+02 |138 -0.50955 -2.38737e+02
139 -0.19788 -3.95129e+02 |140 -0.00000  1.26087e-06 |141 -0.00000 -5.61536e-07
142  0.10190  3.45275e+02 |143 -0.18245 -1.10623e+04 |144  0.00000  1.17856e-09
145 -0.26861  6.24331e+01 |146  0.00000  0.00000e+00 |147  0.13922 -3.68446e+01
148 -0.00000 -1.76097e-07 |149  0.09916 -6.94259e-01 |150 -0.00000 -3.39864e-07
151 -0.07017  3.34293e+02 |
151 variables; iteration 40; function evaluation 48; phase 3
Function value 2.4699454e+03; maximum gradient component mag -2.2719e+04
Var    Value     Gradient |Var    Value     Gradient |Var    Value     Gradient
  1 -0.16919  8.02593e+03 |  2  0.06539  2.42499e+03 |  3 -0.11076  1.20397e+02
  4 -0.01454  1.34558e+03 |  5 -0.10477  8.39690e+02 |  6 -0.03721  3.57427e+02
  7 -0.10006 -2.10876e+01 |  8  0.05813 -2.21380e+03 |  9 -0.07382  2.00393e+02
 10 -0.03613  7.29350e+02 | 11 -0.03316  3.20189e+02 | 12 -0.06492  1.50312e+02
 13  0.03914 -1.08886e+03 | 14  0.00616 -2.43508e+03 | 15 -0.06457  2.28024e+01
 16 -0.05440  1.23399e+03 | 17 -0.08276  7.50505e+02 | 18  0.03707  8.06808e+02
 19 -0.03437  1.72495e+01 | 20 -0.02129 -1.69451e+02 | 21  0.06546  1.34957e+03
 22 -0.19635 -1.50209e+00 | 23 -0.03421 -1.05150e+02 | 24 -0.00987 -1.67334e+02
 25  0.01274  2.00119e+02 | 26 -0.03152  3.21839e+02 | 27 -0.07746  4.01108e+02
 28 -0.09047  4.00966e+02 | 29 -0.06971  4.65039e+02 | 30 -0.00289  7.70968e+02
 31 -0.00099  1.08496e+03 | 32  0.00559  1.31794e+03 | 33 -0.04386  8.89790e+02
 34 -0.24172 -1.68636e+01 | 35 -0.03430 -9.70141e+02 | 36  0.02467  9.97173e+02
 37 -0.03262  4.76519e+02 | 38 -0.06067  1.06558e+02 | 39 -0.05870 -3.93567e+02
 40 -0.12568 -6.39546e+01 | 41 -0.24884 -7.66596e+01 | 42 -0.02125 -2.73529e+02
 43 -0.07160 -1.97100e+02 | 44  0.04428  1.49759e+02 | 45 -0.27847 -3.77597e+01
 46 -0.07295  2.13698e+02 | 47 -0.10468 -1.01004e+01 | 48 -0.02808 -2.29980e+02
 49 -0.01137 -2.23486e+02 | 50 -0.04598 -7.05461e+01 | 51 -0.12193  1.54300e+02
 52 -0.13716  1.44788e+02 | 53 -0.07149 -7.48287e+01 | 54 -0.43453 -5.74376e+01
 55  0.02160  2.87154e+01 | 56 -0.01274 -1.18313e+02 | 57 -0.26538 -4.21769e+01
 58 -0.05529 -1.60348e+02 | 59 -0.13381 -6.76742e+01 | 60 -0.08944  9.45748e+00
 61 -0.12478  1.51192e+02 | 62 -0.10050  6.63306e+01 | 63 -0.04894 -1.92289e+02
 64 -0.03563 -2.72173e+02 | 65 -0.06315 -1.08333e+02 | 66 -0.11608  8.54658e+01
 67 -0.10259  5.57227e-01 | 68 -0.14305  5.22580e+01 | 69 -0.03754 -8.20599e+01
 70 -0.12901 -1.02908e+02 | 71 -0.02186 -4.93299e+01 | 72 -0.07035 -7.23529e+01
 73 -0.10751  1.96415e+02 | 74 -0.09028  6.14663e+00 | 75 -0.03887 -4.48991e+02
 76 -0.09968  8.12249e+01 | 77 -0.88983 -1.82654e+01 | 78  0.03731  3.55085e+02
 79 -0.00064  4.17021e+01 | 80 -0.44657 -5.10346e+01 | 81 -0.09165  4.46328e+01
 82 -0.12110 -4.43054e+01 | 83 -0.14875  1.98689e+02 | 84 -0.12442  1.50515e+02
 85 -0.08961 -4.76111e+01 | 86 -0.09035 -8.50932e+00 | 87  0.00049 -3.36092e+02
 88  0.04441 -3.32306e+02 | 89 -0.17266 -2.66807e+01 | 90  0.00863  1.92478e+02
 91 -0.16306 -1.35957e+01 | 92  0.00052  2.02388e+00 | 93  0.00262  7.50350e-01
 94  0.04733 -1.48178e-02 | 95 -0.10450 -4.79591e-01 | 96 -0.13304 -9.78809e+00
 97 -0.75585 -6.67737e+00 | 98 -0.54641  4.02487e+00 | 99 -0.75333 -1.57786e+01
100 -0.81700 -5.91591e+01 |101  0.18193  1.17541e+03 |102  0.00000 -7.40154e-04
103  0.04865 -1.41824e+02 |104  0.19228 -2.99486e-03 |105 -0.00000 -1.07647e-16
106 -0.00000 -1.17956e-10 |107 -0.00000 -1.22317e-10 |108 -0.12772 -4.33425e-07
109  0.01263 -9.04343e-10 |110  0.12084  2.19734e+03 |111 -0.10902  4.55484e+01
112  0.01705 -1.78202e+04 |113 -0.13900  2.46523e+02 |114  0.00000  2.68177e-16
115 -0.06227 -6.11931e-01 |116 -0.17302  1.10427e+01 |117  0.00000 -1.84212e-06
118  0.04705 -1.34864e+01 |119  0.32037  8.89577e+02 |120 -0.02683  8.48042e+00
121 -0.13259 -2.27188e+04 |122  0.12665  2.97887e-02 |123 -0.00000  6.74373e-05
124 -0.04866  1.06093e-01 |125 -0.01023 -2.21733e-01 |126  0.12636 -5.26178e-02
127 -0.27585  5.28016e-01 |128  0.00000  1.06298e-09 |129 -0.46192 -9.59169e+01
130 -0.00000 -4.19550e-14 |131 -0.60104  1.66623e+01 |132  0.00000  0.00000e+00
133 -0.15828 -2.72789e+03 |134  0.00000  5.54789e-07 |135 -0.00680 -4.88756e+03
136  0.24320  7.83682e+00 |137 -0.60919  4.18030e+01 |138 -0.42133 -1.35689e+02
139 -0.26176  1.17052e+02 |140 -0.00000  1.04063e-06 |141  0.00000  1.52376e-06
142  0.11772  4.37468e+02 |143 -0.17982 -2.10713e+03 |144  0.00000  1.06298e-09
145 -0.22578  2.48880e+02 |146  0.00000  0.00000e+00 |147  0.03573 -1.96685e+02
148 -0.00000 -1.70281e-07 |149  0.54726  3.65006e+00 |150 -0.00000 -3.28639e-07
151 -0.04391  2.94482e+02 |
151 variables; iteration 60; function evaluation 70; phase 3
Function value 2.3977360e+03; maximum gradient component mag -3.0964e+04
Var    Value     Gradient |Var    Value     Gradient |Var    Value     Gradient
  1 -0.17716  7.47150e+03 |  2  0.07321  2.02521e+03 |  3 -0.08859  1.31915e+02
  4 -0.01131  8.15497e+02 |  5 -0.11671  5.14933e+02 |  6 -0.02576  5.92880e+02
  7 -0.12008 -1.34491e+02 |  8  0.07179 -1.68920e+03 |  9 -0.07510  1.28127e+02
 10 -0.03165  4.91147e+02 | 11 -0.05154  9.54098e+01 | 12 -0.04282  1.13007e+02
 13  0.04176 -2.66993e+02 | 14  0.02944 -1.44335e+03 | 15 -0.10390  6.95118e+01
 16 -0.03190  1.91410e+03 | 17 -0.09787  5.16475e+02 | 18  0.04457  2.71368e+02
 19 -0.05792 -2.57455e+02 | 20 -0.00727 -1.56946e+01 | 21  0.06587  1.50140e+03
 22 -0.09647  1.31369e+02 | 23 -0.01713 -3.93948e+00 | 24 -0.01883 -2.69268e+02
 25  0.03299  3.03895e+02 | 26 -0.04324  2.09905e+02 | 27 -0.07406  3.50967e+02
 28 -0.08950  3.70276e+02 | 29 -0.07562  4.25753e+02 | 30 -0.00543  7.39546e+02
 31  0.00889  1.37850e+03 | 32  0.01232  1.57721e+03 | 33 -0.03751  1.03843e+03
 34 -0.14192  1.34944e+02 | 35 -0.02468 -7.16254e+02 | 36  0.03410  8.63133e+02
 37 -0.02720  1.86328e+02 | 38 -0.06502 -2.95682e+02 | 39 -0.04656 -5.06414e+02
 40 -0.11293  1.63134e+02 | 41 -0.11690  2.45738e+02 | 42 -0.01833 -2.50667e+02
 43 -0.01902  5.54250e+01 | 44  0.04818  4.32237e+02 | 45 -0.06923  1.36383e+02
 46 -0.09353  1.28981e+02 | 47 -0.07918 -3.40347e+01 | 48 -0.02738 -3.77110e+02
 49 -0.00115 -2.71898e+02 | 50 -0.03388 -4.64464e+01 | 51 -0.11569  1.33530e+02
 52 -0.13124  1.00291e+02 | 53 -0.06195 -1.57526e+02 | 54 -0.90734 -1.56728e+01
 55  0.04301  5.93097e+02 | 56  0.00120  1.26129e+02 | 57 -0.22881 -3.79698e+01
 58 -0.04912 -2.53339e+02 | 59 -0.12620 -1.19862e+02 | 60 -0.08455 -1.31606e+02
 61 -0.11363  1.23149e+02 | 62 -0.08145  1.35428e+02 | 63 -0.03250 -8.76640e+01
 64 -0.02231 -1.68351e+02 | 65 -0.04649 -3.49636e-01 | 66 -0.10407  1.12687e+02
 67 -0.08770  6.96613e+01 | 68 -0.11221  1.13526e+02 | 69 -0.03631 -1.82627e+02
 70 -0.06560  5.95268e+01 | 71 -0.02427 -8.57607e+01 | 72 -0.04558  2.92461e+01
 73 -0.11389  1.51047e+02 | 74 -0.07569 -1.55444e+01 | 75 -0.03789 -6.36237e+02
 76 -0.10066  1.36413e+01 | 77 -1.75576  2.61799e+01 | 78  0.04578  5.23242e+02
 79  0.00539  1.09543e+02 | 80 -0.39769 -4.89792e+01 | 81 -0.09344  4.34038e+00
 82 -0.11394 -5.03026e+01 | 83 -0.16238  1.07670e+02 | 84 -0.12433  7.17494e+01
 85 -0.09695 -1.40422e+02 | 86 -0.08323  4.29253e+01 | 87 -0.00134 -3.52708e+02
 88  0.02852 -5.37459e+02 | 89 -0.15297 -2.74318e+01 | 90 -0.02359  1.12556e+02
 91 -0.11200  1.73999e+01 | 92 -0.00795  7.91236e-01 | 93  0.00103  7.43216e-01
 94  0.04784  8.91284e-02 | 95 -0.09630 -8.93104e-01 | 96 -0.09656 -1.30924e+01
 97 -0.79374 -9.04672e+00 | 98 -0.63839 -2.12192e-01 | 99 -0.75477 -1.51484e+01
100 -0.97995 -7.61346e+01 |101  0.17718  2.19399e+03 |102  0.00004  1.75195e-03
103  0.04806 -7.19471e+03 |104  0.19224  1.05717e-03 |105 -0.00000  2.57454e-17
106 -0.00000 -8.90518e-11 |107 -0.00000 -9.23408e-11 |108 -0.12772 -4.23734e-07
109  0.01263 -8.94956e-10 |110  0.11771  9.18838e+02 |111 -0.10721 -2.68526e+00
112  0.01715 -8.36171e+03 |113 -0.13960  2.26123e+02 |114  0.00000  2.39302e-16
115 -0.05307 -1.65090e+00 |116 -0.36989  4.37571e+01 |117  0.00000 -1.47883e-06
118  0.03685  1.45330e+01 |119  0.44876  1.05811e+03 |120 -0.05864  1.65107e+00
121 -0.12886 -3.09642e+04 |122  0.12591  3.49159e-02 |123 -0.00000  6.97854e-05
124 -0.01982  1.11465e+00 |125 -0.00534  2.84267e-01 |126  0.12545 -9.79809e-02
127 -0.18436 -2.15987e+00 |128  0.00000  8.02508e-10 |129 -0.48583 -2.15427e+02
130 -0.00000 -3.86858e-14 |131 -0.59115  5.07987e+01 |132  0.00000  0.00000e+00
133 -0.15719 -2.65880e+03 |134  0.00000  5.09802e-07 |135 -0.00572 -5.01438e+03
136  0.18760  7.76658e+00 |137 -0.63031  1.94030e+02 |138 -0.52643 -1.53688e+02
139 -0.30329 -1.99618e+02 |140 -0.00000  9.75614e-07 |141  0.00000  2.50164e-06
142  0.10585  4.03635e+02 |143 -0.17873  4.04820e+03 |144  0.00000  8.02508e-10
145 -0.19125  1.86171e+02 |146  0.00000  0.00000e+00 |147  0.31517 -9.10038e+01
148 -0.00000 -1.56473e-07 |149  1.03914 -5.10287e+01 |150 -0.00000 -3.01991e-07
151 -0.07008  3.45514e+02 |
151 variables; iteration 80; function evaluation 92; phase 3
Function value 2.3687620e+03; maximum gradient component mag -2.6155e+04
Var    Value     Gradient |Var    Value     Gradient |Var    Value     Gradient
  1 -0.17942  9.47695e+03 |  2  0.07669  2.08145e+03 |  3 -0.07992  1.59060e+02
  4 -0.01010  6.65629e+02 |  5 -0.12126  4.11941e+02 |  6 -0.02135  6.25677e+02
  7 -0.13126 -1.50023e+02 |  8  0.07729 -1.14639e+03 |  9 -0.07270  1.33677e+02
 10 -0.04083  4.10629e+02 | 11 -0.06114  1.51620e+02 | 12 -0.02621  3.71397e+02
 13  0.04545  5.19964e+02 | 14  0.03177 -9.37883e+02 | 15 -0.10418  9.76997e+01
 16 -0.02991  1.83287e+03 | 17 -0.10280  4.08050e+02 | 18  0.04690  5.37121e+01
 19 -0.06326 -2.75348e+02 | 20 -0.00189  6.22339e+01 | 21  0.06657  1.45350e+03
 22 -0.11245  9.30812e+01 | 23 -0.00985  4.96321e+01 | 24 -0.02077 -2.89353e+02
 25  0.03184  1.10977e+02 | 26 -0.03766  1.49640e+02 | 27 -0.06646  3.48635e+02
 28 -0.08979  3.20333e+02 | 29 -0.07723  3.16640e+02 | 30 -0.00989  3.45730e+02
 31  0.01206  9.64522e+02 | 32  0.00793  8.96291e+02 | 33 -0.02886  8.44838e+02
 34 -0.14397  8.76256e+01 | 35 -0.02697 -8.01359e+02 | 36  0.03621  9.63831e+02
 37 -0.02091  2.40219e+02 | 38 -0.06530 -2.76953e+02 | 39 -0.04505 -4.43802e+02
 40 -0.10452  2.76627e+02 | 41 -0.12250  1.99213e+02 | 42 -0.01444 -2.35301e+02
 43 -0.01646  6.28144e+01 | 44  0.04898  3.68699e+02 | 45 -0.06473  1.28283e+02
 46 -0.10278  9.94907e+01 | 47 -0.06139  2.68140e+01 | 48 -0.03568 -4.32822e+02
 49  0.00592 -2.71239e+02 | 50 -0.03063 -4.24634e+01 | 51 -0.11492  1.19089e+02
 52 -0.12240  1.09919e+02 | 53 -0.05803 -1.79525e+02 | 54 -1.23289  3.63950e+01
 55  0.05226  8.32904e+02 | 56 -0.00316  1.78029e+02 | 57 -0.11294  6.29987e+00
 58 -0.04856 -1.78666e+02 | 59 -0.12744 -1.21641e+02 | 60 -0.07673 -1.08032e+02
 61 -0.11556  7.49294e+01 | 62 -0.08383  5.42032e+01 | 63 -0.02727 -7.34656e+01
 64 -0.02052 -1.55831e+02 | 65 -0.04081  3.27784e+01 | 66 -0.10270  1.30596e+02
 67 -0.07589  1.53423e+02 | 68 -0.11994  8.13034e+01 | 69 -0.03040 -1.65305e+02
 70 -0.06680  1.20444e+01 | 71 -0.02606 -1.52429e+02 | 72 -0.03548  1.41627e+02
 73 -0.10906  1.68612e+02 | 74 -0.07880 -7.97388e+01 | 75 -0.03238 -7.48239e+02
 76 -0.11491 -2.37613e-01 | 77 -1.89423 -2.33099e+02 | 78  0.05026  9.13220e+02
 79 -0.00102  2.78045e+02 | 80 -0.12150  5.94044e+01 | 81 -0.11411 -9.65613e+00
 82 -0.11054 -9.99700e+01 | 83 -0.17661  4.80317e+01 | 84 -0.13030 -1.52609e+01
 85 -0.10651 -2.36781e+02 | 86 -0.09121  9.45270e+00 | 87 -0.00481 -3.37436e+02
 88  0.01482 -5.46249e+02 | 89 -0.10158  2.53108e+01 | 90 -0.05456  4.15832e+01
 91 -0.14330  7.10928e+00 | 92 -0.01414  2.26732e-01 | 93 -0.00291  4.08207e-01
 94  0.04900  1.11933e-01 | 95 -0.07787 -6.68270e-01 | 96  0.06621  1.27835e+01
 97 -0.76282 -4.08111e+00 | 98 -0.77724 -6.99924e+00 | 99 -0.74380 -8.38386e+00
100 -0.92490 -4.38970e+01 |101  0.17630  2.21715e+03 |102  0.00018  4.31510e-03
103  0.04801 -6.96528e+03 |104  0.19242  3.94940e-03 |105 -0.00000  1.48394e-16
106 -0.00000 -2.78711e-11 |107 -0.00000 -2.88950e-11 |108 -0.12772 -4.00347e-07
109  0.01263 -8.72146e-10 |110  0.11152  2.64897e+03 |111 -0.10926  6.23629e+01
112  0.01674 -1.80882e+04 |113 -0.13478  2.42285e+02 |114  0.00000  1.31887e-15
115 -0.04656 -3.42817e+00 |116 -0.68801  2.43178e+01 |117  0.00000  1.45242e-06
118  0.00936 -8.00734e+00 |119  0.48412  7.92134e+02 |120 -0.06763 -1.14215e-01
121 -0.12778 -2.61552e+04 |122  0.12406  2.23593e-02 |123 -0.00001 -1.33171e-05
124  0.03195  2.81820e+00 |125  0.00355 -3.26770e+00 |126  0.12399 -1.75412e-01
127  0.08607  5.32807e+00 |128  0.00000  2.51170e-10 |129 -0.48713 -2.29007e+02
130 -0.00000 -3.07852e-14 |131 -0.57196  7.79446e+01 |132  0.00000  0.00000e+00
133 -0.15574 -2.41047e+03 |134  0.00000  4.04867e-07 |135 -0.00543 -4.89902e+03
136  0.06287  7.16384e+00 |137 -0.63236  6.51077e+02 |138 -0.56985 -1.77095e+02
139 -0.31469 -4.28930e+02 |140 -0.00000  9.56739e-07 |141  0.00000  2.78340e-06
142  0.10291  4.23091e+02 |143 -0.17866  6.68752e+03 |144  0.00000  2.51170e-10
145 -0.26293  7.64754e+01 |146  0.00000  0.00000e+00 |147  0.21593 -7.39750e+01
148 -0.00000 -1.24265e-07 |149  1.04088 -4.88608e+01 |150 -0.00000 -2.39832e-07
151 -0.07237  2.75992e+02 |
Maximum number of function evaluations exceeded

 - final statistics:
151 variables; iteration 89; function evaluation 100
Function value 2.3250e+03; maximum gradient component mag -2.9719e+04
Exit code = 3;  converg criter 1.0000e+00
Var    Value     Gradient |Var    Value     Gradient |Var    Value     Gradient
  1 -0.17657  6.28184e+03 |  2  0.07410  1.96796e+03 |  3 -0.08810  1.11258e+02
  4 -0.01289  5.11752e+02 |  5 -0.12231  4.00109e+02 |  6 -0.02489  5.64656e+02
  7 -0.12083 -1.00084e+02 |  8  0.07724 -1.04844e+03 |  9 -0.09534  4.61101e+01
 10 -0.04153  3.33282e+02 | 11 -0.07163  7.98042e+01 | 12 -0.03623  1.96289e+02
 13  0.04082  2.93858e+02 | 14  0.03183 -7.56813e+02 | 15 -0.10996  8.59173e+01
 16 -0.03359  1.62486e+03 | 17 -0.10898  3.26758e+02 | 18  0.04428 -5.16993e+02
 19 -0.07187 -3.72313e+02 | 20  0.00061 -1.48759e+02 | 21  0.06379  1.52132e+02
 22 -0.12089  2.78677e+01 | 23 -0.00795  1.76926e+02 | 24 -0.01778 -1.75024e+02
 25  0.02532  1.35034e+02 | 26 -0.03702  1.70010e+02 | 27 -0.07584  2.95219e+02
 28 -0.07767  3.96446e+02 | 29 -0.09206  2.36264e+02 | 30 -0.00459  3.94170e+02
 31  0.00616  7.59001e+02 | 32  0.00444  6.81716e+02 | 33 -0.03185  7.45611e+02
 34 -0.13967  1.08816e+02 | 35 -0.02648 -6.35864e+02 | 36  0.03158  6.49343e+02
 37 -0.02020  2.51217e+02 | 38 -0.06728 -1.54671e+02 | 39 -0.04661 -2.57649e+02
 40 -0.11777  1.94237e+02 | 41 -0.13899  1.14758e+02 | 42 -0.01759 -2.19485e+02
 43 -0.01979  7.21828e+01 | 44  0.04521  3.79617e+02 | 45 -0.06067  1.71293e+02
 46 -0.10867  9.58610e+01 | 47 -0.06941  5.63675e+00 | 48 -0.03533 -4.15229e+02
 49 -0.00014 -2.95173e+02 | 50 -0.03733 -3.01942e+01 | 51 -0.10339  1.81934e+02
 52 -0.15217  3.58175e+01 | 53 -0.06117 -1.73408e+02 | 54 -1.22101  3.48443e+01
 55  0.04532  6.70738e+02 | 56 -0.00797  1.91967e+02 | 57 -0.08826  5.01959e+01
 58 -0.06516 -1.79488e+02 | 59 -0.10806 -8.34670e+01 | 60 -0.07917 -6.17047e+01
 61 -0.13686  6.77766e+00 | 62 -0.08014  9.08518e+01 | 63 -0.03360 -8.50685e+01
 64 -0.02266 -1.41484e+02 | 65 -0.04608  1.56725e+01 | 66 -0.11272  8.61561e+01
 67 -0.08469  9.75783e+01 | 68 -0.12041  9.71140e+01 | 69 -0.03581 -2.07993e+02
 70 -0.08316 -5.01638e+01 | 71 -0.02615 -1.37206e+02 | 72 -0.04573  6.38741e+01
 73 -0.11611  1.29700e+02 | 74 -0.09238 -1.23922e+02 | 75 -0.03481 -6.84318e+02
 76 -0.11570  1.53698e+01 | 77 -1.86163 -1.07934e+02 | 78  0.04353  6.20989e+02
 79  0.00220  2.86110e+02 | 80 -0.14014  3.62769e+01 | 81 -0.10607  3.11680e+01
 82 -0.11706 -2.88882e+01 | 83 -0.14221  2.18260e+02 | 84 -0.14986 -4.96464e+01
 85 -0.09544 -1.27445e+02 | 86 -0.09610  2.35858e+01 | 87 -0.00961 -3.56513e+02
 88  0.01204 -4.50515e+02 | 89 -0.12642 -7.00180e-01 | 90 -0.07613 -6.63845e+01
 91 -0.13529  1.66886e+01 | 92 -0.01795 -2.64125e-01 | 93 -0.01358 -1.42752e+00
 94  0.05458  8.68182e-03 | 95 -0.03135  4.61249e-01 | 96 -0.04485 -2.62800e+01
 97 -0.58962  2.88953e+01 | 98 -0.95512 -4.10865e+01 | 99 -0.75943 -1.58329e+01
100 -0.85079 -3.48227e+01 |101  0.17079  2.02792e+03 |102  0.00065  1.02067e-02
103  0.04732 -7.07668e+03 |104  0.19367  1.55061e-03 |105  0.00000  3.53800e-17
106  0.00000  1.41237e-10 |107  0.00000  1.46479e-10 |108 -0.12772 -3.22774e-07
109  0.01263 -7.95809e-10 |110  0.11553  2.20132e+03 |111 -0.10331  1.78807e+02
112  0.01696 -1.55959e+04 |113 -0.14644  2.35917e+02 |114  0.00000  4.32105e-15
115 -0.11628 -4.65420e+00 |116 -0.65525  1.74828e+01 |117  0.00000  4.03405e-06
118  0.01135 -2.64284e+01 |119  0.46756  1.00454e+03 |120 -0.01929  1.99696e+01
121 -0.12848 -2.97185e+04 |122  0.11790  8.29911e-03 |123 -0.00001 -1.87562e-04
124  0.11609  5.26765e+00 |125  0.15421 -1.52029e+01 |126  0.12333 -3.15284e-01
127  0.82177  4.37726e+00 |128 -0.00000 -1.27278e-09 |129 -0.50435 -2.84562e+02
130 -0.00000 -4.90383e-15 |131 -0.59392  4.62413e+01 |132  0.00000  0.00000e+00
133 -0.15156 -2.04855e+03 |134  0.00000  7.20553e-08 |135 -0.00459 -5.13413e+03
136 -0.29309 -1.01136e+00 |137 -0.62269  5.14365e+02 |138 -0.52510 -1.30981e+02
139 -0.29475 -2.90689e+02 |140 -0.00000  7.01290e-07 |141  0.00000  2.73325e-06
142  0.11081  5.16830e+02 |143 -0.17853  5.60257e+03 |144 -0.00000 -1.27278e-09
145 -0.21577  1.30670e+02 |146  0.00000  0.00000e+00 |147  0.37697 -4.55474e+01
148 -0.00000 -2.21159e-08 |149  1.03756 -5.31715e+01 |150 -0.00000 -4.26874e-08
151 -0.07500  3.82697e+02 |

Initial statistics: 198 variables; iteration 0; function evaluation 0; phase 4
Function value 2.3250159e+03; maximum gradient component mag -2.9719e+04
Var    Value     Gradient |Var    Value     Gradient |Var    Value     Gradient
  1 -0.17657  6.28184e+03 |  2  0.00000 -7.22254e-05 |  3  0.00000 -1.13160e-04
  4  0.00000 -2.91186e-04 |  5  0.00000 -7.50054e-04 |  6  0.00000 -1.93114e-03
  7  0.00000 -4.97567e-03 |  8  0.00000 -1.28348e-02 |  9  0.00000 -3.31897e-02
 10  0.00000 -8.50521e-02 | 11  0.00000 -1.98035e-01 | 12  0.00000 -2.50585e-01
 13  0.00000  1.07841e+00 | 14  0.00000  1.00531e+00 | 15  0.00000 -1.28479e+00
 16  0.00000  1.98203e-01 | 17  0.00000  3.70186e+00 | 18  0.00000  1.81288e+00
 19  0.00000 -1.19325e+00 | 20  0.00000 -3.22814e+00 | 21  0.00000 -3.61401e+00
 22  0.00000 -6.70629e+00 | 23  0.00000 -1.06242e+01 | 24  0.00000 -1.47721e+01
 25  0.00000 -2.03108e+01 | 26  0.00000 -2.95769e+01 | 27  0.00000 -4.55336e+01
 28  0.00000 -7.02391e+01 | 29  0.00000 -1.04126e+02 | 30  0.00000 -1.42329e+02
 31  0.00000 -1.55813e+02 | 32  0.00000 -1.35888e+02 | 33  0.00000 -1.40761e+02
 34  0.00000 -2.40478e+02 | 35  0.00000 -2.06579e+02 | 36  0.00000  3.07952e+01
 37  0.00000  3.85816e+02 | 38  0.07410  1.96796e+03 | 39 -0.08810  1.11258e+02
 40 -0.01289  5.11752e+02 | 41 -0.12231  4.00109e+02 | 42 -0.02489  5.64656e+02
 43 -0.12083 -1.00084e+02 | 44  0.07724 -1.04844e+03 | 45 -0.09534  4.61101e+01
 46 -0.04153  3.33282e+02 | 47 -0.07163  7.98042e+01 | 48 -0.03623  1.96289e+02
 49  0.04082  2.93858e+02 | 50  0.03183 -7.56813e+02 | 51 -0.10996  8.59173e+01
 52 -0.03359  1.62486e+03 | 53 -0.10898  3.26758e+02 | 54  0.04428 -5.16993e+02
 55 -0.07187 -3.72313e+02 | 56  0.00061 -1.48759e+02 | 57  0.06379  1.52132e+02
 58 -0.12089  2.78677e+01 | 59 -0.00795  1.76926e+02 | 60 -0.01778 -1.75024e+02
 61  0.02532  1.35034e+02 | 62 -0.03702  1.70010e+02 | 63 -0.07584  2.95219e+02
 64 -0.07767  3.96446e+02 | 65 -0.09206  2.36264e+02 | 66 -0.00459  3.94170e+02
 67  0.00616  7.59001e+02 | 68  0.00444  6.81716e+02 | 69 -0.03185  7.45611e+02
 70 -0.13967  1.08816e+02 | 71 -0.02648 -6.35864e+02 | 72  0.03158  6.49343e+02
 73 -0.02020  2.51217e+02 | 74 -0.06728 -1.54671e+02 | 75 -0.04661 -2.57649e+02
 76 -0.11777  1.94237e+02 | 77 -0.13899  1.14758e+02 | 78 -0.01759 -2.19485e+02
 79 -0.01979  7.21828e+01 | 80  0.04521  3.79617e+02 | 81 -0.06067  1.71293e+02
 82 -0.10867  9.58610e+01 | 83 -0.06941  5.63675e+00 | 84 -0.03533 -4.15229e+02
 85 -0.00014 -2.95173e+02 | 86 -0.03733 -3.01942e+01 | 87 -0.10339  1.81934e+02
 88 -0.15217  3.58175e+01 | 89 -0.06117 -1.73408e+02 | 90 -0.77899 -3.48443e+01
 91  0.04532  6.70738e+02 | 92 -0.00797  1.91967e+02 | 93 -0.08826  5.01959e+01
 94 -0.06516 -1.79488e+02 | 95 -0.10806 -8.34670e+01 | 96 -0.07917 -6.17047e+01
 97 -0.13686  6.77766e+00 | 98 -0.08014  9.08518e+01 | 99 -0.03360 -8.50685e+01
100 -0.02266 -1.41484e+02 |101 -0.04608  1.56725e+01 |102 -0.11272  8.61561e+01
103 -0.08469  9.75783e+01 |104 -0.12041  9.71140e+01 |105 -0.03581 -2.07993e+02
106 -0.08316 -5.01638e+01 |107 -0.02615 -1.37206e+02 |108 -0.04573  6.38741e+01
109 -0.11611  1.29700e+02 |110 -0.09238 -1.23922e+02 |111 -0.03481 -6.84318e+02
112 -0.11570  1.53698e+01 |113 -0.13837  1.07934e+02 |114  0.04353  6.20989e+02
115  0.00220  2.86110e+02 |116 -0.14014  3.62769e+01 |117 -0.10607  3.11680e+01
118 -0.11706 -2.88882e+01 |119 -0.14221  2.18260e+02 |120 -0.14986 -4.96464e+01
121 -0.09544 -1.27445e+02 |122 -0.09610  2.35858e+01 |123 -0.00961 -3.56513e+02
124  0.01204 -4.50515e+02 |125 -0.12642 -7.00180e-01 |126 -0.07613 -6.63845e+01
127 -0.13529  1.66886e+01 |128 -0.01795 -2.64125e-01 |129 -0.01358 -1.42752e+00
130  0.05458  8.68182e-03 |131 -0.03135  4.61249e-01 |132 -0.04485 -2.62800e+01
133 -0.58962  2.88953e+01 |134 -0.95512 -4.10865e+01 |135 -0.75943 -1.58329e+01
136 -0.85079 -3.48227e+01 |137  0.17079  2.02792e+03 |138  0.00065  1.02067e-02
139  0.04732 -7.07668e+03 |140  0.19367  1.55061e-03 |141  0.00000  3.53800e-17
142  0.00000  1.41237e-10 |143  0.00000  1.46479e-10 |144 -0.12772 -3.22774e-07
145  0.01263 -7.95809e-10 |146  0.18663  1.05135e+03 |147 -0.05814 -8.37270e+01
148 -0.02329  2.81274e+03 |149  0.01060 -1.77309e+00 |150  0.11553  2.20132e+03
151 -0.10331  1.78807e+02 |152  0.01696 -1.55959e+04 |153 -0.14644  2.35917e+02
154  0.00000  4.32105e-15 |155 -0.11628 -4.65420e+00 |156 -0.65525  1.74828e+01
157  0.00000  4.03405e-06 |158  0.01135 -2.64284e+01 |159 -0.01228  6.47354e+00
160 -0.04620  2.56329e+03 |161  0.12892  3.66015e+03 |162  0.46756  1.00454e+03
163 -0.01929  1.99696e+01 |164 -0.12848 -2.97185e+04 |165  0.11790  8.29911e-03
166 -0.00001 -1.87562e-04 |167  0.11609  5.26765e+00 |168  0.15421 -1.52029e+01
169  0.12333 -3.15284e-01 |170  0.82177  4.37726e+00 |171 -0.29517  3.78754e+02
172 -0.09571 -1.04286e+02 |173 -0.25952 -1.90852e+03 |174  0.19931  3.40156e+02
175 -0.00000 -1.27278e-09 |176 -0.50435 -2.84562e+02 |177 -0.00000 -4.90383e-15
178 -0.59392  4.62413e+01 |179  0.00000  0.00000e+00 |180 -0.15156 -2.04855e+03
181  0.00000  7.20553e-08 |182 -0.00459 -5.13413e+03 |183 -0.29309 -1.01136e+00
184 -0.62269  5.14365e+02 |185 -0.52510 -1.30981e+02 |186 -0.29475 -2.90689e+02
187 -0.00000  7.01290e-07 |188  0.00000  2.73325e-06 |189  0.11081  5.16830e+02
190 -0.17853  5.60257e+03 |191 -0.00000 -1.27278e-09 |192 -0.21577  1.30670e+02
193  0.00000  0.00000e+00 |194  0.37697 -4.55474e+01 |195 -0.00000 -2.21159e-08
196  0.96244  5.31715e+01 |197 -0.00000 -4.26874e-08 |198 -0.07500  3.82697e+02

Intermediate statistics: 198 variables; iteration 20; function evaluation 31; phase 4
Function value 2.1437572e+03; maximum gradient component mag 3.9502e+04
Var    Value     Gradient |Var    Value     Gradient |Var    Value     Gradient
  1 -0.17367  3.95015e+04 |  2  0.00000 -9.78384e-05 |  3  0.00000 -1.46570e-04
  4  0.00000 -3.66906e-04 |  5  0.00000 -9.19068e-04 |  6  0.00000 -2.29987e-03
  7  0.00000 -5.75476e-03 |  8  0.00000 -1.44000e-02 |  9  0.00001 -3.60628e-02
 10  0.00001 -8.91754e-02 | 11  0.00003 -1.97578e-01 | 12  0.00004 -2.10493e-01
 13 -0.00013  1.06343e+00 | 14 -0.00013  9.64146e-01 | 15  0.00016 -1.06425e+00
 16 -0.00005  5.41741e-01 | 17 -0.00050  3.87689e+00 | 18 -0.00029  2.43618e+00
 19  0.00006  2.45997e-02 | 20  0.00026 -1.15050e+00 | 21  0.00022 -4.55101e-01
 22  0.00048 -1.72197e+00 | 23  0.00076 -2.82606e+00 | 24  0.00096 -2.70524e+00
 25  0.00116 -1.78421e+00 | 26  0.00157 -1.38621e+00 | 27  0.00249 -3.02495e+00
 28  0.00403 -7.20415e+00 | 29  0.00616 -1.33384e+01 | 30  0.00797 -1.51447e+01
 31  0.00531  1.47178e+01 | 32 -0.00059  5.80086e+01 | 33  0.00023  1.01813e+02
 34  0.01370  1.77328e+02 | 35  0.01012  1.17245e+02 | 36  0.01410  1.88779e+02
 37  0.00725  1.76010e+02 | 38  0.05606  8.41913e+02 | 39 -0.07920 -2.94887e+00
 40 -0.01754  1.06865e+02 | 41 -0.15530  1.32962e+02 | 42 -0.03457  1.52504e+02
 43 -0.11492 -8.85444e+00 | 44  0.07750 -4.55680e+02 | 45 -0.10054 -1.34814e+01
 46 -0.06843  5.76873e+01 | 47 -0.07393 -1.32130e+01 | 48 -0.03970  1.12813e+01
 49  0.03160 -2.06037e+02 | 50  0.03113 -9.56828e+02 | 51 -0.11211 -6.86812e+00
 52 -0.05010  7.47862e+02 | 53 -0.11992  2.96524e+02 | 54  0.03923  2.90503e+03
 55 -0.04638  8.88699e+02 | 56 -0.00076  2.96493e+03 | 57  0.05861  9.35074e+03
 58 -0.12651  6.36927e+02 | 59 -0.01169  3.99714e+03 | 60 -0.01924  4.25477e+03
 61  0.02165  1.14107e+04 | 62 -0.04154  4.62539e+03 | 63 -0.07627  5.42828e+02
 64 -0.09063  7.31357e+01 | 65 -0.10320  1.04365e+02 | 66  0.00566  2.61382e+02
 67 -0.00471  2.89736e+02 | 68  0.01273  1.32578e+02 | 69 -0.04890  8.44944e+01
 70 -0.14604  1.42800e+01 | 71 -0.01179 -1.48126e+02 | 72  0.02762  2.45282e+01
 73 -0.02195  2.06568e+01 | 74 -0.06290 -3.84280e+01 | 75 -0.04314 -1.41435e+02
 76 -0.14195 -5.93341e+00 | 77 -0.15047  3.38332e+01 | 78 -0.00051  2.59158e+01
 79 -0.02017 -1.12746e+00 | 80  0.04709  2.72712e+01 | 81 -0.07235  4.14071e+01
 82 -0.11736  1.11775e+01 | 83 -0.07459 -1.59936e+00 | 84 -0.00704 -3.36225e+01
 85  0.01159 -2.59209e+01 | 86 -0.03575 -8.58642e+01 | 87 -0.12088  4.32343e+01
 88 -0.15578 -7.29845e+00 | 89 -0.05012 -5.43336e+01 | 90 -0.77443 -3.55120e+01
 91  0.04337  1.08090e+02 | 92 -0.00854  3.62754e-01 | 93 -0.09364  3.32098e+01
 94 -0.05177 -5.49565e+01 | 95 -0.10275 -2.88204e+01 | 96 -0.07610 -6.15022e+01
 97 -0.13720 -3.56351e+01 | 98 -0.08705 -3.67999e+01 | 99 -0.02466 -5.57058e+01
100 -0.01008 -2.47440e+01 |101 -0.04462 -3.99922e+01 |102 -0.11838 -7.58889e+00
103 -0.08600 -8.90337e+01 |104 -0.12938  2.50825e+01 |105 -0.01925 -4.13885e+01
106 -0.07871 -1.04762e+01 |107 -0.00892 -3.67982e+01 |108 -0.04292 -6.32583e+01
109 -0.12680  2.39361e+01 |110 -0.08393 -6.45064e+01 |111 -0.00135 -2.44153e+00
112 -0.12313  3.95293e+01 |113 -0.14734  3.83561e+01 |114  0.04593  1.42502e+02
115 -0.00114  6.72971e+01 |116 -0.14220  7.22114e+00 |117 -0.10869 -2.17108e+01
118 -0.11237 -9.96229e+01 |119 -0.16501  5.48796e+01 |120 -0.14519 -7.76296e+01
121 -0.08624 -7.72484e+01 |122 -0.10052 -9.20140e+00 |123  0.00919 -7.86433e+01
124  0.02960 -8.24412e+01 |125 -0.12694  2.69378e+00 |126 -0.05828 -1.08013e+02
127 -0.13611  3.16425e+00 |128 -0.01779 -1.71627e+00 |129 -0.01336 -1.97656e+00
130  0.05459 -1.47492e-01 |131 -0.03144  8.38743e-01 |132 -0.04275 -8.64467e+00
133 -0.59303  2.44439e+01 |134 -0.94994 -3.72145e+01 |135 -0.75735 -1.65436e+01
136 -0.84758 -2.29657e+01 |137  0.11878 -8.92068e+02 |138  0.00065  7.65848e-03
139  0.04289  7.88124e+03 |140  0.19367  1.54962e-04 |141  0.00000  6.26242e-17
142  0.00000  1.40965e-10 |143  0.00000  1.46195e-10 |144 -0.12772 -3.22716e-07
145  0.01263 -7.95744e-10 |146  0.19541  6.47943e+02 |147 -0.05798 -9.61708e+01
148 -0.02285 -6.17335e+02 |149  0.01016  2.84821e+01 |150  0.11744  3.09799e+03
151 -0.10021  2.33766e+02 |152  0.01712 -2.01690e+04 |153 -0.15353  1.14411e+02
154  0.00000  4.04346e-15 |155 -0.11632 -2.07147e-01 |156 -0.65258 -2.00290e+01
157  0.00000  3.48823e-06 |158  0.01426 -4.81521e+02 |159 -0.01347  5.75227e+00
160 -0.04961 -2.78110e+03 |161  0.12863  1.46060e+03 |162  0.47688 -9.72565e+02
163 -0.02106  2.31908e+01 |164 -0.12815 -1.90692e+02 |165  0.11790  1.29105e-02
166 -0.00001 -1.74186e-04 |167  0.11541  4.73234e+00 |168  0.15647 -1.45102e+01
169  0.12337 -2.63254e-01 |170  0.82113  4.29917e+00 |171 -0.30481  3.10278e+03
172 -0.09444 -4.48534e+01 |173 -0.25275  6.77063e+03 |174  0.19649  3.98314e+03
175 -0.00000 -1.27033e-09 |176 -0.49729  3.69795e+01 |177 -0.00000 -4.90383e-15
178 -0.59417 -1.74749e+00 |179  0.00000  0.00000e+00 |180 -0.14744 -5.70242e+02
181  0.00000  7.20091e-08 |182 -0.00211  1.93290e+03 |183 -0.29228 -3.32851e+00
184 -0.62379  3.26319e+02 |185 -0.52244 -7.12920e+01 |186 -0.30016 -3.19018e+02
187 -0.00000  9.02830e-07 |188  0.00000  2.66940e-06 |189  0.10694 -1.75434e+02
190 -0.17789  8.63152e+02 |191 -0.00000 -1.27033e-09 |192 -0.21009 -7.10697e+02
193  0.00000  0.00000e+00 |194  0.37563  3.88318e+01 |195 -0.00000 -2.21016e-08
196  0.95587  4.52572e+01 |197 -0.00000 -4.26600e-08 |198 -0.08342 -1.01945e+02
198 variables; iteration 40; function evaluation 51; phase 4
Function value 2.1128688e+03; maximum gradient component mag 3.2236e+04
Var    Value     Gradient |Var    Value     Gradient |Var    Value     Gradient
  1 -0.17346  3.22357e+04 |  2  0.00000 -1.93689e-05 |  3  0.00000 -2.80359e-05
  4  0.00000 -6.87160e-05 |  5  0.00000 -1.67810e-04 |  6  0.00001 -4.04864e-04
  7  0.00001 -9.63267e-04 |  8  0.00003 -2.23822e-03 |  9  0.00009 -5.00093e-03
 10  0.00022 -9.88324e-03 | 11  0.00049 -7.10890e-03 | 12  0.00057  1.19405e-01
 13 -0.00216  5.96349e-01 | 14 -0.00207  4.84083e-01 | 15  0.00258 -3.70935e-01
 16 -0.00110  4.38144e-01 | 17 -0.00909  1.93183e+00 | 18 -0.00576  1.47362e+00
 19 -0.00029  6.81893e-01 | 20  0.00257  4.72254e-01 | 21  0.00074  1.32337e+00
 22  0.00341  1.65467e+00 | 23  0.00571  2.50049e+00 | 24  0.00478  4.52179e+00
 25  0.00157  7.62093e+00 | 26 -0.00113  1.16566e+01 | 27  0.00003  1.73985e+01
 28  0.00680  2.70538e+01 | 29  0.02100  4.46847e+01 | 30  0.03388  6.65059e+01
 31 -0.01077  4.02564e+01 | 32 -0.02571  3.72497e+01 | 33  0.00982  1.23224e+02
 34  0.00914  1.52122e+02 | 35  0.00817  8.41213e+01 | 36  0.01108  2.21404e+02
 37  0.00267  2.44966e+02 | 38  0.05781  1.52773e+03 | 39 -0.06871  1.94080e+02
 40 -0.01826  4.17026e+02 | 41 -0.17020  7.77815e+01 | 42 -0.03745 -6.63159e+01
 43 -0.12053 -4.96091e+01 | 44  0.07199 -5.05278e+02 | 45 -0.08200  1.91315e+01
 46 -0.09957  3.91813e+01 | 47 -0.03747  6.73678e+01 | 48 -0.05093  7.60277e+01
 49  0.03182  8.34548e+01 | 50  0.03241 -4.47784e+02 | 51 -0.11556  3.69547e+01
 52 -0.04833  8.02919e+02 | 53 -0.12679  2.21993e+02 | 54  0.03904  2.29919e+03
 55 -0.04868  6.96509e+02 | 56  0.00086  2.67433e+03 | 57  0.05777  7.74450e+03
 58 -0.13706  4.37682e+02 | 59 -0.01111  3.15500e+03 | 60 -0.01664  3.29525e+03
 61  0.02099  8.41295e+03 | 62 -0.04528  3.21230e+03 | 63 -0.07018  4.89913e+02
 64 -0.09024  9.88599e+01 | 65 -0.11902  6.35139e+01 | 66  0.00972  2.06923e+02
 67 -0.01496  9.37192e+01 | 68  0.01419 -1.47226e+02 | 69 -0.04914 -3.66906e+01
 70 -0.15665 -6.01775e+00 | 71 -0.01016 -1.57455e+02 | 72  0.02451 -2.92232e+02
 73 -0.02447 -1.06321e+02 | 74 -0.06460 -6.27790e+01 | 75 -0.04534 -8.75032e+01
 76 -0.14684 -3.68898e+00 | 77 -0.15766  1.71979e+01 | 78 -0.00890 -7.71365e+01
 79 -0.02134  6.79515e+00 | 80  0.04412 -8.08014e+00 | 81 -0.08348  1.30473e+01
 82 -0.11331  1.45234e+01 | 83 -0.08057 -1.56471e+01 | 84 -0.01024 -1.03727e+02
 85  0.00200 -1.10841e+02 | 86 -0.02183  4.26456e+01 | 87 -0.14902  2.20128e+01
 88 -0.14015  1.95675e+01 | 89 -0.05113 -3.39587e+01 | 90 -0.67330 -4.64938e+01
 91  0.04048  5.17094e+01 | 92 -0.00074  1.59738e+01 | 93 -0.13254 -1.08369e+01
 94 -0.04372 -4.21042e+01 | 95 -0.10621 -1.70417e+01 | 96 -0.07015  6.10139e+00
 97 -0.12956  7.76665e-01 | 98 -0.08190  6.78715e+00 | 99 -0.02040 -2.58316e+01
100 -0.01332 -7.35881e+01 |101 -0.03607  1.82679e+01 |102 -0.12446  1.96816e+01
103 -0.06815  7.01886e+01 |104 -0.14672  5.37332e+00 |105 -0.01638 -5.67171e+01
106 -0.08013 -3.72426e+01 |107 -0.01342 -1.24907e+02 |108 -0.03409 -2.64660e+01
109 -0.15099  2.55024e+00 |110 -0.06901  6.00209e+00 |111 -0.00238 -1.09035e+02
112 -0.13617 -2.24407e+01 |113 -0.16130  1.33625e+00 |114  0.05220  1.35695e+02
115  0.01003  9.03335e+01 |116 -0.12991  9.87607e+00 |117 -0.10022  8.34218e+00
118 -0.08082  4.33928e+00 |119 -0.17768  7.53457e+00 |120 -0.10620  3.04773e+00
121 -0.06079 -4.31945e+01 |122 -0.06595  3.20822e+00 |123  0.04293 -7.87717e+01
124  0.07794 -6.07649e+01 |125 -0.10533 -7.13619e+00 |126  0.02999  4.74764e+01
127 -0.10632 -3.25975e+00 |128 -0.01054 -1.52495e+00 |129 -0.00769 -1.60038e+00
130  0.05491 -1.56423e-01 |131 -0.03362  7.69197e-01 |132 -0.06753  1.54300e+01
133 -0.65197  1.50580e+01 |134 -0.87828 -1.52652e+01 |135 -0.73361 -2.06229e+00
136 -0.81579 -1.38318e+01 |137  0.13005 -6.15220e+02 |138  0.00063  7.13082e-03
139  0.04397  7.20141e+03 |140  0.19367 -9.54170e-04 |141 -0.00000  1.28843e-17
142  0.00000  1.35546e-10 |143  0.00000  1.40577e-10 |144 -0.12772 -3.21562e-07
145  0.01263 -7.94421e-10 |146  0.19498  3.54487e+02 |147 -0.05717  1.48992e+02
148 -0.02282 -8.26480e+02 |149 -0.02862  1.04527e+01 |150  0.12133  3.51737e+03
151 -0.09998  6.88514e+02 |152  0.01742 -2.16495e+04 |153 -0.14975  4.26378e+02
154  0.00000  4.38030e-15 |155 -0.11748  1.90123e-01 |156 -0.61767 -2.27326e+01
157  0.00000  3.27182e-06 |158  0.01431 -3.30542e+02 |159 -0.03573  3.88469e+00
160 -0.04829 -2.33404e+03 |161  0.12843  2.82084e+03 |162  0.49610 -5.98214e+02
163 -0.03392  5.50945e+00 |164 -0.12791 -6.01113e+03 |165  0.11790  1.92612e-02
166 -0.00001 -1.59205e-04 |167  0.10359  3.84609e+00 |168  0.19706 -1.05971e+01
169  0.12400 -1.97353e-01 |170  0.80875  4.03026e+00 |171 -0.30095  2.88125e+03
172 -0.09320 -6.10915e+01 |173 -0.25188  5.62969e+03 |174  0.19718  3.51243e+03
175 -0.00000 -1.22150e-09 |176 -0.48856  8.92515e+01 |177 -0.00000 -4.90383e-15
178 -0.58877 -4.26515e+00 |179  0.00000  0.00000e+00 |180 -0.14615 -3.45460e+02
181  0.00000  7.10796e-08 |182 -0.00236  2.33090e+03 |183 -0.27546 -2.40275e+00
184 -0.61580  4.11631e+02 |185 -0.49256 -8.18182e+01 |186 -0.28568 -3.08220e+02
187 -0.00000  9.24989e-07 |188  0.00000  2.20199e-06 |189  0.10546 -5.70032e+01
190 -0.17821  1.59369e+03 |191 -0.00000 -1.22150e-09 |192 -0.22268 -5.34051e+02
193  0.00000  0.00000e+00 |194  0.35221  2.09069e+01 |195 -0.00000 -2.18164e-08
196  0.87705  1.60782e+01 |197 -0.00000 -4.21093e-08 |198 -0.09833  6.35829e+01
