
Initial statistics: 6 variables; iteration 0; function evaluation 0; phase 1
Function value 6.0188443e+03; maximum gradient component mag 1.8175e+04
Var    Value     Gradient |Var    Value     Gradient |Var    Value     Gradient
  1 -0.10252  1.81751e+04 |  2 -0.71808 -3.06876e+01 |  3 -0.37792 -2.24677e+00
  4  0.10793  6.42141e+03 |  5  0.12405  1.25628e+04 |  6  0.50383  3.84685e+03

 - final statistics:
6 variables; iteration 14; function evaluation 23
Function value 4.7769e+03; maximum gradient component mag -4.2600e+00
Exit code = 1;  converg criter 1.0000e+01
Var    Value     Gradient |Var    Value     Gradient |Var    Value     Gradient
  1 -0.15520 -1.29077e+00 |  2  6.03532 -8.75942e-02 |  3  0.05207 -1.19255e-01
  4  0.08832 -4.25998e+00 |  5  0.12100  1.85046e+00 |  6  0.33300 -4.47466e-01

Initial statistics: 24 variables; iteration 0; function evaluation 0; phase 2
Function value 4.7768909e+03; maximum gradient component mag -1.9423e+03
Var    Value     Gradient |Var    Value     Gradient |Var    Value     Gradient
  1 -0.15520 -1.29077e+00 |  2 -0.03532  8.75942e-02 |  3  0.05207 -1.19255e-01
  4  0.08832 -4.25998e+00 |  5  0.00000 -7.84770e-16 |  6 -0.00000 -5.44870e-16
  7  0.12100  1.85046e+00 |  8  0.00447  4.81639e-01 |  9 -0.01041  6.07080e+00
 10  0.33300 -4.47466e-01 | 11  0.00000  6.61225e+00 | 12  0.00000 -9.23318e-01
 13  0.00000 -6.53975e-16 | 14 -0.48584  2.18372e+02 | 15 -0.00000 -2.72435e-16
 16 -0.60505  6.12191e+01 | 17  0.00017 -4.40845e-01 | 18 -0.62187 -1.94225e+03
 19  0.01637  2.79507e+00 | 20 -0.28235  9.05714e+02 | 21  0.00000 -6.53975e-16
 22 -0.24505  2.15801e+02 | 23  0.00000  0.00000e+00 | 24  0.28102 -3.99441e+01

Intermediate statistics: 24 variables; iteration 20; function evaluation 33; phase 2
Function value 4.7156094e+03; maximum gradient component mag -8.1059e+01
Var    Value     Gradient |Var    Value     Gradient |Var    Value     Gradient
  1 -0.16146 -8.10594e+01 |  2 -0.04318 -1.39320e-01 |  3  0.08043  2.44045e-01
  4  0.08993  2.36425e+01 |  5 -0.00000 -1.41259e-14 |  6 -0.00000 -5.44870e-15
  7  0.11860 -2.59603e+01 |  8 -0.04463  2.98548e-01 |  9 -0.17746  3.90297e-01
 10  0.34172 -7.31681e+00 | 11 -0.47921 -1.27097e+00 | 12 -0.77015  2.16907e+00
 13 -0.00000 -5.36260e-14 | 14 -0.50418  7.10842e+00 | 15  0.00000  2.72435e-15
 16 -0.65591 -3.17583e+00 | 17  0.03293 -1.47189e-02 | 18 -0.58389 -3.82449e+01
 19 -0.21820  5.80978e-01 | 20 -0.28109  9.32069e+00 | 21 -0.00000 -5.36260e-14
 22 -0.34905  1.50609e+00 | 23  0.00000  0.00000e+00 | 24  0.05426  8.87468e-01

 - final statistics:
24 variables; iteration 22; function evaluation 36
Function value 4.7156e+03; maximum gradient component mag -9.6349e+00
Exit code = 1;  converg criter 1.0000e+01
Var    Value     Gradient |Var    Value     Gradient |Var    Value     Gradient
  1 -0.16154 -9.63487e+00 |  2 -0.02845  2.06038e-01 |  3  0.05888 -2.76566e-01
  4  0.08981 -5.22055e+00 |  5  0.00000  2.98213e-14 |  6  0.00000  7.62819e-15
  7  0.11867 -3.67862e+00 |  8 -0.06512  7.07956e-03 |  9 -0.18310 -2.58230e-01
 10  0.34213  3.21196e+00 | 11 -0.44725 -1.60767e+00 | 12 -0.78365 -6.22508e+00
 13  0.00000  9.87503e-14 | 14 -0.50441  8.05148e-01 | 15 -0.00000 -1.30769e-14
 16 -0.65385  1.18989e+00 | 17  0.02905 -5.49640e-02 | 18 -0.58249 -3.39850e+00
 19 -0.22207  7.88387e-03 | 20 -0.27945  3.66942e+00 | 21  0.00000  9.87503e-14
 22 -0.35068  3.52184e+00 | 23  0.00000  0.00000e+00 | 24  0.04845 -1.30463e+00

Initial statistics: 151 variables; iteration 0; function evaluation 0; phase 3
Function value 4.7155634e+03; maximum gradient component mag 6.9414e+03
Var    Value     Gradient |Var    Value     Gradient |Var    Value     Gradient
  1 -0.16154 -9.63487e+00 |  2  0.00000  1.60893e+03 |  3  0.00000  3.68493e+03
  4  0.00000  1.50429e+03 |  5  0.00000 -5.17401e+03 |  6  0.00000 -1.94224e+03
  7  0.00000  2.35559e+03 |  8  0.00000  7.95421e+02 |  9  0.00000 -7.03133e+02
 10  0.00000 -1.79969e+02 | 11  0.00000 -3.86921e+02 | 12  0.00000 -1.39065e+03
 13  0.00000 -3.05706e+03 | 14  0.00000  9.44174e+02 | 15  0.00000  6.94142e+03
 16  0.00000  2.53263e+03 | 17  0.00000 -5.91762e+03 | 18  0.00000 -3.43782e+03
 19  0.00000  1.54523e+03 | 20  0.00000  2.48159e+03 | 21  0.00000 -4.22553e+01
 22  0.00000  2.55017e+02 | 23  0.00000 -1.77004e+01 | 24  0.00000 -2.44536e+02
 25  0.00000 -1.11122e+01 | 26  0.00000  3.99478e+01 | 27  0.00000  3.32863e+01
 28  0.00000  3.35823e+02 | 29  0.00000  5.27842e+02 | 30  0.00000  5.27689e+02
 31  0.00000  7.75649e+02 | 32  0.00000  9.88483e+02 | 33  0.00000  1.25843e+03
 34  0.00000  2.77627e+02 | 35  0.00000 -1.09305e+03 | 36  0.00000  1.00068e+03
 37  0.00000  9.47247e+02 | 38  0.00000  1.09147e+03 | 39  0.00000 -9.09108e+02
 40  0.00000 -3.55147e+02 | 41  0.00000  1.90135e+02 | 42  0.00000 -5.05013e+01
 43  0.00000 -2.64757e+02 | 44  0.00000  1.16081e+02 | 45  0.00000 -4.45431e+02
 46  0.00000  2.38561e+02 | 47  0.00000  3.96542e+02 | 48  0.00000 -9.01518e+02
 49  0.00000  1.14363e+02 | 50  0.00000  1.75240e-01 | 51  0.00000  5.78691e+02
 52  0.00000 -9.01794e+01 | 53  0.00000 -1.07715e+03 | 54  0.00000 -9.65012e+02
 55  0.00000  1.36291e+02 | 56  0.00000  5.54315e+02 | 57  0.00000  1.28994e+00
 58  0.00000  1.59801e+02 | 59  0.00000  7.02908e+02 | 60  0.00000  6.76643e+02
 61  0.00000 -4.28155e+02 | 62  0.00000  1.58703e+02 | 63  0.00000  3.87376e+02
 64  0.00000  3.76575e+02 | 65  0.00000 -1.66289e+02 | 66  0.00000 -2.83759e+02
 67  0.00000 -2.33055e+02 | 68  0.00000 -2.00139e+02 | 69  0.00000  4.14408e+02
 70  0.00000  3.29774e+02 | 71  0.00000 -5.67319e+02 | 72  0.00000 -4.06125e+02
 73  0.00000 -1.57206e+03 | 74  0.00000 -3.17483e+02 | 75  0.00000  8.78939e+02
 76  0.00000  8.40600e+02 | 77  0.00000 -3.84244e+02 | 78  0.00000 -2.08316e+03
 79  0.00000 -5.93005e+02 | 80  0.00000  2.16474e+02 | 81  0.00000 -2.61962e+02
 82  0.00000 -1.67364e+03 | 83  0.00000 -8.15512e+02 | 84  0.00000  4.23343e+02
 85  0.00000  8.78814e+02 | 86  0.00000 -5.82464e+01 | 87  0.00000 -5.79710e+02
 88  0.00000  1.53078e+02 | 89  0.00000  6.12022e+02 | 90  0.00000  1.77538e+02
 91  0.00000  2.07999e+01 | 92  0.00000  4.16028e-01 | 93  0.00000  1.80763e-01
 94 -0.02845  2.06038e-01 | 95  0.05888 -2.76566e-01 | 96 -0.10324 -3.62447e+02
 97 -0.66899 -5.32270e+00 | 98 -0.50165  3.77404e+00 | 99 -0.78503 -7.52015e+01
100 -0.81077 -1.32390e+02 |101  0.08981 -5.22055e+00 |102  0.00000  1.24927e-02
103  0.04041  6.06660e+03 |104  0.19239  8.13368e-02 |105  0.00000  2.84683e-15
106  0.00000  2.98213e-14 |107  0.00000  7.62819e-15 |108 -0.12772 -4.37748e-07
109  0.01263 -9.08515e-10 |110  0.11867 -3.67862e+00 |111 -0.09113 -9.96221e+02
112  0.01749 -3.01412e+03 |113 -0.17559 -3.15754e+02 |114  0.00000 -8.72255e-16
115 -0.06512  7.07956e-03 |116 -0.18310 -2.58230e-01 |117  0.00000 -2.54322e-06
118  0.08274  8.39991e+01 |119  0.34213  3.21196e+00 |120 -0.01376  1.73998e+02
121 -0.12524  5.85909e+03 |122  0.12698  6.53210e-02 |123  0.00000  2.13464e-04
124 -0.44725 -1.60767e+00 |125 -0.78365 -6.22508e+00 |126  0.12714 -4.41468e-02
127 -0.31868  5.29827e+01 |128  0.00000  9.87503e-14 |129 -0.50441  8.05148e-01
130 -0.00000 -1.30769e-14 |131 -0.65385  1.18989e+00 |132  0.00000  0.00000e+00
133 -0.14320 -3.00300e+03 |134  0.00000  5.75241e-07 |135 -0.00344 -2.00800e+03
136  0.02905 -5.49640e-02 |137 -0.58249 -3.39850e+00 |138 -0.22207  7.88387e-03
139 -0.27945  3.66942e+00 |140  0.00000  9.02792e-07 |141  0.00000 -3.76695e-06
142  0.12997 -5.93866e+01 |143 -0.17940 -5.08873e+03 |144  0.00000  9.87503e-14
145 -0.35068  3.52184e+00 |146  0.00000  0.00000e+00 |147  0.04845 -1.30463e+00
148 -0.00000 -1.76558e-07 |149  0.05898  9.91563e+01 |150 -0.00000 -3.40753e-07
151 -0.07265 -5.73600e+02 |

Intermediate statistics: 151 variables; iteration 20; function evaluation 26; phase 3
Function value 2.4009587e+03; maximum gradient component mag -1.7392e+04
Var    Value     Gradient |Var    Value     Gradient |Var    Value     Gradient
  1 -0.13319  3.50966e+02 |  2 -0.10974  1.10627e+02 |  3 -0.06134  5.72344e+02
  4 -0.04491  4.68909e+02 |  5  0.02618 -1.06717e+03 |  6  0.00253  1.11703e+02
  7 -0.05070  3.53010e+02 |  8 -0.00840  5.10998e+02 |  9  0.02047  5.95937e+02
 10 -0.10142  6.30256e+01 | 11  0.00665  5.23044e+02 | 12 -0.08303 -8.10540e+01
 13  0.01213 -2.05172e+03 | 14 -0.07412 -4.01405e+02 | 15 -0.08503  8.90088e+02
 16 -0.14610  3.48168e+01 | 17  0.01200 -2.40162e+03 | 18 -0.02909 -1.37317e+02
 19 -0.07732  6.33137e+02 | 20 -0.20781  4.82886e+01 | 21 -0.05245 -2.24574e+02
 22 -0.13138 -1.84551e+02 | 23 -0.09634 -1.21842e+02 | 24 -0.03257  1.09756e+02
 25 -0.09354 -3.99216e+00 | 26 -0.09665  3.48199e+01 | 27 -0.01344 -6.89821e+01
 28 -0.11946  5.06933e+00 | 29 -0.13879 -1.25662e+01 | 30 -0.06793 -1.45517e+02
 31 -0.11685  4.91843e+00 | 32 -0.05616  3.03889e+01 | 33 -0.09515 -2.04831e+02
 34 -0.14586 -2.34358e+02 | 35 -0.01977  5.91366e+02 | 36 -0.21129 -3.58095e+01
 37 -0.06195  8.47289e-01 | 38 -0.21502 -2.37910e+01 | 39 -0.05430  2.35404e+01
 40 -0.07441  2.15427e+02 | 41 -0.06917  2.03824e+01 | 42 -0.04296  1.67766e+01
 43  0.00262  6.73895e+01 | 44 -0.08220 -5.32344e-01 | 45  0.03777  2.05961e+02
 46 -0.01499  5.96486e+01 | 47 -0.13277  2.09847e+00 | 48  0.07761  1.80752e+02
 49 -0.09724  2.19067e+01 | 50  0.04700  2.76568e+01 | 51 -0.08187  2.53429e+01
 52  0.02719  1.76516e+02 | 53  0.07512  3.17391e+02 | 54  0.07403  2.45421e+02
 55 -0.05236 -7.57227e+01 | 56 -0.08660 -8.05072e+01 | 57  0.01598 -6.12212e+01
 58 -0.00853 -2.38518e+01 | 59 -0.07097 -1.91215e+02 | 60 -0.17243 -4.22736e+01
 61  0.03733  9.76908e+01 | 62 -0.07218 -3.80149e+01 | 63 -0.00330 -2.24669e-01
 64 -0.05249 -4.04778e+01 | 65  0.02765  6.53508e+01 | 66  0.03591  1.07428e+02
 67  0.02246  1.72223e+01 | 68  0.05265  6.94606e+01 | 69  0.00428 -1.58177e+01
 70 -0.02281 -4.03495e+01 | 71  0.09266 -1.07405e+02 | 72 -0.06763  1.84488e-01
 73  0.15324  3.04582e+02 | 74  0.00394 -5.80458e+01 | 75 -0.04741 -2.15600e+01
 76  0.04266  7.92611e+01 | 77 -0.02812 -5.33833e+01 | 78  0.18262  5.74491e+02
 79 -0.00875  8.48270e+00 | 80  0.04142 -1.06296e+02 | 81  0.00338 -3.48084e+01
 82  0.14955  4.52562e+02 | 83  0.06823  4.61992e+01 | 84 -0.06853 -7.35469e+01
 85 -0.08221 -7.92241e+01 | 86  0.04480 -1.17952e+02 | 87  0.06507 -1.82298e+02
 88 -0.02155 -1.82947e+02 | 89 -0.08076 -8.80170e+01 | 90  0.02556  5.24364e+01
 91  0.00351  2.86809e-01 | 92  0.00002 -3.02497e-01 | 93  0.00006 -2.44491e-01
 94 -0.02852  1.04041e-01 | 95  0.05905  1.14059e+00 | 96 -0.02812 -4.22000e+01
 97 -0.65664 -1.06646e+01 | 98 -0.50524  4.88843e+00 | 99 -0.75170 -5.89431e+00
100 -0.75588 -1.61086e+01 |101  0.06926 -1.55046e+03 |102 -0.00001  9.83595e-03
103  0.03595  7.52706e+03 |104  0.19233  9.27383e-02 |105 -0.00000  3.26681e-15
106  0.00000  2.98213e-14 |107  0.00000  7.62819e-15 |108 -0.12772 -4.37291e-07
109  0.01263 -9.08075e-10 |110  0.12389  1.02839e+03 |111 -0.20572 -1.37853e+02
112  0.01736 -1.07809e+04 |113  0.09836  2.06079e-01 |114  0.00000 -8.38370e-16
115 -0.06496 -3.88070e-01 |116 -0.18487  1.27305e+00 |117  0.00000 -1.82476e-06
118  0.05795 -3.43965e+01 |119  0.32822 -3.00020e+02 |120 -0.06417  5.06596e-02
121 -0.12814  3.41697e+03 |122  0.12691  4.69759e-02 |123 -0.00000  1.06846e-04
124 -0.42322 -2.33217e+01 |125 -0.71106 -3.19642e+01 |126  0.12700  1.38483e-01
127 -0.24833 -6.78465e+01 |128  0.00000  9.87503e-14 |129 -0.48739 -7.50316e+02
130 -0.00000 -1.30769e-14 |131 -0.65931 -1.93039e+02 |132  0.00000  0.00000e+00
133 -0.12964  4.68984e+03 |134  0.00000  5.73073e-07 |135 -0.00752 -1.73922e+04
136  0.02943  3.42322e-01 |137 -0.56953 -4.19982e+02 |138 -0.23131 -1.01249e+01
139 -0.21603  3.68996e+02 |140 -0.00000  7.53477e-07 |141  0.00000 -3.74856e-06
142  0.13923  9.09301e+00 |143 -0.18043 -5.05259e+03 |144  0.00000  9.87503e-14
145 -0.27182  1.24144e+02 |146  0.00000  0.00000e+00 |147  0.02194 -1.64616e+01
148 -0.00000 -1.75892e-07 |149  0.05491 -4.74816e+01 |150 -0.00000 -3.39469e-07
151 -0.04396 -1.87478e+02 |
151 variables; iteration 40; function evaluation 47; phase 3
Function value 2.3012103e+03; maximum gradient component mag -1.5872e+04
Var    Value     Gradient |Var    Value     Gradient |Var    Value     Gradient
  1 -0.13569  4.97033e+03 |  2 -0.09396  1.94738e+02 |  3 -0.06099  6.14082e+02
  4 -0.04637  3.58119e+02 |  5  0.02565 -1.12409e+03 |  6  0.00334  2.63130e+02
  7 -0.04940  4.86632e+02 |  8 -0.00665  6.91176e+02 |  9  0.01768  2.74315e+02
 10 -0.11504  1.55782e+00 | 11  0.00488  4.97308e+02 | 12 -0.08764 -2.41458e+01
 13  0.01186 -6.47919e+02 | 14 -0.04806  4.32022e+02 | 15 -0.10338  6.30396e+02
 16 -0.15790 -4.58031e+01 | 17  0.01369 -1.13435e+03 | 18 -0.02075  7.12435e+02
 19 -0.09233  4.72897e+02 | 20 -0.16786  1.52098e+02 | 21 -0.05582  2.85440e+01
 22 -0.13777 -7.61535e+01 | 23 -0.10110 -1.04400e+02 | 24 -0.05924 -1.40917e+02
 25 -0.08035 -7.83001e+01 | 26 -0.15882 -1.75471e+01 | 27 -0.00956 -2.95294e+01
 28 -0.12872  5.29268e+00 | 29 -0.22383 -2.36596e+01 | 30 -0.05805 -1.06299e+02
 31 -0.13368 -1.99765e+01 | 32 -0.07544 -4.66015e+01 | 33 -0.06998 -8.92591e+01
 34 -0.28000 -5.64450e+01 | 35 -0.01786  2.02273e+03 | 36 -0.29523 -3.19952e+01
 37 -0.09294  1.27975e+02 | 38 -0.21402 -2.92738e+01 | 39 -0.10305 -4.33887e+02
 40 -0.12516  6.69004e+01 | 41 -0.12546  3.71432e+01 | 42 -0.10837  1.66375e+01
 43 -0.06393  7.03506e+01 | 44 -0.14949 -1.32710e+01 | 45 -0.03822  4.75971e+01
 46 -0.09054 -4.77490e+01 | 47 -0.33346 -4.13386e+01 | 48  0.00606  3.63845e+02
 49 -0.24910 -2.27325e+01 | 50 -0.02962 -6.10264e+01 | 51 -0.24469 -4.05881e+01
 52 -0.06673 -8.13295e+01 | 53 -0.00290  1.94657e+02 | 54 -0.00957  1.22773e+02
 55 -0.10009 -2.56219e+01 | 56 -0.16479 -4.54976e+01 | 57 -0.05806 -4.34340e+01
 58 -0.10560 -6.87598e+01 | 59 -0.11415 -6.82557e+01 | 60 -0.40945 -5.00492e+01
 61 -0.03994  8.54352e+01 | 62 -0.14581 -5.87562e+01 | 63 -0.08311 -5.47788e+01
 64 -0.12545 -5.61377e+01 | 65 -0.04759  6.34909e+00 | 66 -0.03807  1.49371e+01
 67 -0.03979  9.13071e+00 | 68 -0.01464  1.81373e+00 | 69 -0.05478 -3.22195e+01
 70 -0.08690 -3.19521e+01 | 71  0.04302  8.90081e+01 | 72 -0.17535 -2.38985e+01
 73  0.09871  3.03580e+02 | 74 -0.00864 -1.94994e+01 | 75 -0.18733 -3.59868e+01
 76 -0.00856 -4.99932e+01 | 77 -0.09262 -7.95837e+01 | 78  0.13762  3.17802e+02
 79 -0.13190 -2.06782e+01 | 80  0.02925 -1.27356e+01 | 81 -0.06438 -3.44293e+01
 82  0.11818  3.73103e+02 | 83  0.03572  5.49377e+01 | 84 -0.05334 -3.77242e+01
 85 -0.09461 -2.88258e+01 | 86  0.02728  5.72736e+00 | 87  0.03851 -1.34765e+02
 88 -0.00527 -1.04023e+02 | 89 -0.14258 -5.55611e+01 | 90  0.01579  4.74051e+01
 91  0.02166  2.51286e+01 | 92  0.00120  1.07195e-01 | 93  0.00133  1.39419e-01
 94 -0.02937  9.84234e-02 | 95  0.05414  9.34271e-01 | 96  0.20566  3.62551e+01
 97 -0.59458  1.11553e+01 | 98 -0.53677  3.75460e+00 | 99 -0.77814 -5.49591e+00
100 -0.72774  1.21888e+01 |101  0.09287 -9.20051e+01 |102 -0.00006  6.22868e-03
103  0.03788  9.47048e+01 |104  0.19191  5.22124e-02 |105 -0.00000  1.80676e-15
106  0.00000  2.51127e-14 |107  0.00000  7.62819e-15 |108 -0.12772 -4.33298e-07
109  0.01263 -9.04219e-10 |110  0.12651  1.77277e+03 |111 -0.19482 -1.04594e+02
112  0.01781 -1.16066e+04 |113  0.06876  1.76456e-01 |114  0.00000 -6.93151e-16
115 -0.06233 -5.32632e-03 |116 -0.21565 -4.01975e+00 |117  0.00000 -1.82811e-06
118  0.06160  1.89844e+00 |119  0.36728 -1.97694e+02 |120 -0.28453 -4.51870e+00
121 -0.12515  2.87418e+03 |122  0.12685 -2.62248e-02 |123 -0.00000 -4.65938e-05
124 -0.35080 -7.70527e+00 |125 -0.53473 -1.37929e+01 |126  0.12676  3.87615e-02
127 -0.27573  9.33588e+00 |128  0.00000  8.95946e-14 |129 -0.49530 -6.78905e+02
130 -0.00000 -1.28045e-14 |131 -0.66916 -1.52879e+02 |132  0.00000  0.00000e+00
133 -0.13376  2.89353e+03 |134  0.00000  5.54242e-07 |135 -0.00773 -1.58719e+04
136  0.02916 -1.79825e-01 |137 -0.56912  1.61742e+02 |138 -0.21592  2.70650e+00
139 -0.23537 -9.14531e+01 |140 -0.00000  8.96871e-07 |141  0.00000 -3.61406e-06
142  0.13001 -1.05856e+02 |143 -0.18046 -3.19251e+03 |144  0.00000  8.95946e-14
145 -0.30116 -6.23404e+01 |146  0.00000  0.00000e+00 |147 -0.07244  3.80598e+01
148 -0.00000 -1.70113e-07 |149  0.15980  7.99201e-01 |150 -0.00000 -3.28315e-07
151 -0.03201  3.41878e+02 |
151 variables; iteration 60; function evaluation 67; phase 3
Function value 2.2802785e+03; maximum gradient component mag -1.2083e+04
Var    Value     Gradient |Var    Value     Gradient |Var    Value     Gradient
  1 -0.13420  7.95217e+03 |  2 -0.08664  2.43045e+02 |  3 -0.06367  5.61074e+02
  4 -0.04589  3.60102e+02 |  5  0.02558 -1.02614e+03 |  6  0.00146  2.47169e+02
  7 -0.05135  4.76498e+02 |  8 -0.00795  7.37198e+02 |  9  0.01477  2.22798e+02
 10 -0.11453  8.94760e+00 | 11  0.00389  6.23378e+02 | 12 -0.08983  9.10287e+00
 13  0.01023 -5.24390e+02 | 14 -0.05019  5.15171e+02 | 15 -0.10166  8.10502e+02
 16 -0.15126  6.28706e+01 | 17  0.01373 -2.15698e+01 | 18 -0.02157  1.15455e+03
 19 -0.09878  4.12436e+02 | 20 -0.16885  1.01833e+02 | 21 -0.06351 -1.27201e+02
 22 -0.11618  4.35817e+01 | 23 -0.10404 -1.03757e+01 | 24 -0.06278 -8.50828e+01
 25 -0.07446  1.49405e+00 | 26 -0.18045 -1.17687e+01 | 27 -0.01249  1.37571e+01
 28 -0.13502  2.03034e+01 | 29 -0.20701 -6.52199e+00 | 30 -0.05694  7.91349e+01
 31 -0.13344  2.04560e+01 | 32 -0.07859 -1.42509e+01 | 33 -0.07347 -8.35017e+01
 34 -0.29323 -5.26325e+01 | 35 -0.02002  2.32512e+03 | 36 -0.34345 -3.80681e+01
 37 -0.09785  2.97184e+02 | 38 -0.21285 -2.10008e+01 | 39 -0.10935 -4.09725e+02
 40 -0.13759 -6.02081e+01 | 41 -0.14223 -4.58271e+01 | 42 -0.12416 -1.82597e+01
 43 -0.08138  1.74609e+01 | 44 -0.15945 -5.43933e+00 | 45 -0.05414  5.41163e+01
 46 -0.10804 -6.15146e+01 | 47 -0.36027 -4.30808e+01 | 48 -0.01099  3.86603e+02
 49 -0.24123 -1.68399e+01 | 50 -0.05161 -1.60235e+02 | 51 -0.24789 -4.54995e+01
 52 -0.08805 -9.97465e+01 | 53 -0.02053  1.43423e+02 | 54 -0.03108  1.75821e+01
 55 -0.11216 -1.12837e+01 | 56 -0.17959 -3.20271e+01 | 57 -0.07752 -3.41438e+01
 58 -0.13012 -8.76249e+01 | 59 -0.13244 -5.97890e+01 | 60 -0.59944 -5.05615e+01
 61 -0.06434  5.84198e+01 | 62 -0.13848  2.47443e+00 | 63 -0.11503 -6.80919e+01
 64 -0.13160  1.90704e-01 | 65 -0.06950  7.33888e+01 | 66 -0.06172  1.72637e+01
 67 -0.06518 -1.82542e+01 | 68 -0.04508 -8.27008e+01 | 69 -0.08585 -2.81813e+01
 70 -0.10095  1.01290e+01 | 71  0.00655 -1.33935e+01 | 72 -0.15400 -1.68898e+01
 73  0.06618  3.26572e+02 | 74 -0.04316 -9.45939e+00 | 75 -0.17489 -3.86675e+01
 76 -0.05370 -4.31123e+01 | 77 -0.09052 -5.71128e+01 | 78  0.09453  2.84623e+02
 79 -0.08701 -1.06890e+01 | 80 -0.02753 -3.06943e+01 | 81 -0.07410 -1.29282e+01
 82  0.06788  3.66813e+02 | 83 -0.01504  3.48826e+01 | 84 -0.10728 -5.59734e+01
 85 -0.16362 -4.76930e+01 | 86 -0.03335 -9.71711e-01 | 87 -0.02362 -8.66835e+01
 88 -0.07007 -6.10372e+01 | 89 -0.20583 -6.31749e+01 | 90 -0.06237 -2.80834e+00
 91 -0.07070 -9.53896e+00 | 92 -0.00789 -5.55039e-01 | 93 -0.00735 -4.10520e-01
 94 -0.03255  1.06331e-01 | 95  0.04020  7.33572e-01 | 96  0.14699  4.39983e+01
 97 -0.58741  1.11296e+01 | 98 -0.59084  1.44716e+00 | 99 -0.76417  2.32562e+00
100 -0.76885  6.29319e+00 |101  0.09268 -1.84623e+02 |102 -0.00012  2.93106e-03
103  0.03793 -3.57283e+02 |104  0.19122  3.72908e-02 |105 -0.00000  9.52561e-16
106  0.00000  1.49106e-14 |107  0.00000  4.35896e-15 |108 -0.12772 -4.20282e-07
109  0.01263 -8.91570e-10 |110  0.12542  2.07328e+03 |111 -0.18479  1.95358e+01
112  0.01785 -1.13389e+04 |113  0.04501  1.51751e-01 |114  0.00000 -2.39868e-16
115 -0.05649  4.29444e-01 |116 -0.28880 -9.85449e+00 |117  0.00000 -1.24487e-06
118  0.05376  1.37861e+01 |119  0.38040 -1.72311e+02 |120 -0.66463 -1.62092e+01
121 -0.12450  3.12247e+03 |122  0.12759 -2.06497e-02 |123  0.00000 -2.91791e-05
124 -0.18346 -4.39307e+00 |125 -0.36567 -4.64950e+00 |126  0.12576  4.75220e-02
127 -0.45617  3.44867e+00 |128  0.00000  6.21277e-14 |129 -0.52258 -4.87344e+02
130 -0.00000 -1.14423e-14 |131 -0.72789 -4.74584e+01 |132  0.00000  0.00000e+00
133 -0.13980  1.71516e+03 |134  0.00000  4.94761e-07 |135 -0.00693 -1.20832e+04
136  0.02769  1.80949e-01 |137 -0.57146  5.84568e+02 |138 -0.16185 -4.48333e+00
139 -0.24214 -3.41189e+02 |140 -0.00000  6.96602e-07 |141  0.00000 -3.12054e-06
142  0.14302 -2.32749e+01 |143 -0.18051 -2.00917e+03 |144  0.00000  6.21277e-14
145 -0.29763 -7.42189e+01 |146  0.00000  0.00000e+00 |147 -0.06549  4.07138e+01
148 -0.00000 -1.51856e-07 |149  0.15200  7.58651e-01 |150 -0.00000 -2.93081e-07
151 -0.03235  1.98116e+02 |
151 variables; iteration 80; function evaluation 90; phase 3
Function value 2.2405289e+03; maximum gradient component mag -1.6773e+04
Var    Value     Gradient |Var    Value     Gradient |Var    Value     Gradient
  1 -0.14617  9.41297e+03 |  2 -0.06494  3.60081e+02 |  3 -0.06381  5.27263e+02
  4 -0.04966  9.86836e+01 |  5  0.02632 -1.07828e+03 |  6  0.00408  4.67841e+02
  7 -0.05379  5.15583e+02 |  8 -0.01005  7.57248e+02 |  9  0.01439  2.44790e+02
 10 -0.10804  2.64530e+01 | 11  0.02129  1.05387e+03 | 12 -0.07673  1.01999e+02
 13  0.01768 -3.78587e+02 | 14 -0.03816  5.73441e+02 | 15 -0.09136  9.72669e+02
 16 -0.12613  3.13156e+02 | 17  0.02688  2.01755e+03 | 18 -0.00993  1.56194e+03
 19 -0.09509  1.07604e+02 | 20 -0.16798 -5.07707e+01 | 21 -0.05189 -4.05368e+02
 22 -0.11031  2.86438e+01 | 23 -0.08857  5.85751e+01 | 24 -0.04714  5.76173e+01
 25 -0.07532  6.85966e+01 | 26 -0.11896  4.56081e+01 | 27  0.00190 -7.36079e+01
 28 -0.17769 -2.45726e+01 | 29 -0.23351 -2.95106e+01 | 30 -0.04600 -1.07541e+02
 31 -0.12649 -4.86205e+01 | 32 -0.07384 -1.11118e+02 | 33 -0.06119  1.73113e+02
 34 -0.15885 -4.87263e+01 | 35 -0.01696  8.10600e+02 | 36 -0.34166 -4.98827e+01
 37 -0.09035  6.76854e+01 | 38 -0.17846  7.72668e+01 | 39 -0.08785  1.88099e+01
 40 -0.12076 -1.19560e+02 | 41 -0.11818  5.76250e+00 | 42 -0.10249  2.05625e+01
 43 -0.06613 -9.70581e+00 | 44 -0.13287  4.86360e+00 | 45 -0.04127 -8.11229e+01
 46 -0.09612 -5.41804e+01 | 47 -0.17821  1.69455e+01 | 48  0.00337  2.82340e+02
 49 -0.19496 -9.18458e+00 | 50 -0.03648 -1.27434e+02 | 51 -0.14443  1.72549e+00
 52 -0.06942 -6.77973e+01 | 53 -0.00334  3.92833e+01 | 54 -0.00559  3.70087e+01
 55 -0.10435 -7.27588e+00 | 56 -0.12169  3.28012e+01 | 57 -0.05813  2.90689e+01
 58 -0.09239  2.99197e+01 | 59 -0.10267  5.60319e+01 | 60 -1.36241  4.87095e+01
 61 -0.04036  6.12731e+01 | 62 -0.11293  4.81637e+00 | 63 -0.09679 -9.63152e+01
 64 -0.10207  3.75279e+01 | 65 -0.04731  8.40854e+01 | 66 -0.04813 -8.03878e+01
 67 -0.04951 -1.12399e+02 | 68 -0.02984 -1.47163e+02 | 69 -0.05814  4.20636e+01
 70 -0.07708  5.94716e+01 | 71  0.02755  3.25583e+01 | 72 -0.16261 -2.36316e+01
 73  0.08427  1.15678e+02 | 74 -0.05507 -7.02586e+00 | 75 -0.05316  1.35461e+02
 76 -0.04079  5.16682e+01 | 77 -0.07399 -7.20675e+01 | 78  0.11063  6.93787e+01
 79 -0.18987 -3.15966e+01 | 80  0.00251 -4.00486e+01 | 81 -0.08586 -3.70834e+01
 82  0.08889  3.01990e+02 | 83  0.00372  2.67303e+01 | 84 -0.08379 -1.60743e+01
 85 -0.09591  2.21500e+01 | 86 -0.01435  2.53144e+01 | 87  0.00887  1.04959e+01
 88 -0.04611 -9.68363e+00 | 89 -0.14451 -5.20639e+01 | 90 -0.03497 -2.34418e+01
 91 -0.08714 -3.42426e+01 | 92 -0.00507 -5.80732e-01 | 93 -0.00586 -7.18754e-01
 94 -0.05659 -2.02184e-03 | 95 -0.03822 -1.50945e+00 | 96 -0.11680 -6.40204e+00
 97 -0.63364 -6.65356e+00 | 98 -0.75398 -6.75403e+00 | 99 -0.75106  1.06328e+01
100 -0.84601 -2.44058e+00 |101  0.09340 -1.72247e+02 |102 -0.00041 -1.86578e-03
103  0.03858  7.12645e+02 |104  0.18708  4.39638e-02 |105 -0.00000  8.55354e-16
106 -0.00000 -3.06060e-14 |107 -0.00000 -5.44870e-15 |108 -0.12772 -3.26267e-07
109  0.01263 -7.99183e-10 |110  0.12738  2.98560e+03 |111 -0.15379  2.11924e+02
112  0.01777 -1.67731e+04 |113 -0.03383  3.13272e-02 |114  0.00000  1.15649e-15
115 -0.04691  1.33544e+00 |116 -0.37613 -2.40143e+01 |117  0.00000  2.10180e-06
118  0.04255  3.43760e+01 |119  0.42458 -1.14597e+02 |120 -0.66587 -1.62822e+01
121 -0.12307  3.57542e+03 |122  0.13339  4.29720e-03 |123  0.00001  1.19917e-04
124  0.81992  3.17448e+01 |125 -0.39179 -2.03181e+00 |126  0.11626  1.25045e-01
127 -0.69035 -4.49832e-01 |128 -0.00000 -9.74423e-14 |129 -0.55499 -1.21420e+02
130 -0.00000 -1.63461e-15 |131 -0.81962  4.07455e+01 |132  0.00000  0.00000e+00
133 -0.14784  8.13292e+01 |134  0.00000  8.83370e-08 |135 -0.00574 -4.13420e+03
136  0.01521  8.74725e-02 |137 -0.56278  1.38653e+03 |138  0.19165 -6.43549e-01
139 -0.23712 -7.59989e+02 |140 -0.00000  1.42133e-07 |141  0.00000 -4.61116e-07
142  0.17540  9.31918e+00 |143 -0.18057 -4.55322e+02 |144 -0.00000 -9.74423e-14
145 -0.30660 -8.35012e+01 |146  0.00000  0.00000e+00 |147 -0.06093  5.44337e+01
148 -0.00000 -2.71132e-08 |149  0.36738  2.04719e+00 |150 -0.00000 -5.23319e-08
151 -0.03257  3.27321e+02 |
Maximum number of function evaluations exceeded

 - final statistics:
151 variables; iteration 91; function evaluation 100
Function value 2.2228e+03; maximum gradient component mag -1.8582e+04
Exit code = 3;  converg criter 1.0000e+00
Var    Value     Gradient |Var    Value     Gradient |Var    Value     Gradient
  1 -0.15057  9.27330e+03 |  2 -0.05624  4.18543e+02 |  3 -0.06702  4.68705e+02
  4 -0.05039  1.29896e-01 |  5  0.02509 -1.19593e+03 |  6  0.00412  5.24077e+02
  7 -0.05776  4.73225e+02 |  8 -0.01480  6.66557e+02 |  9  0.01211  3.71406e+02
 10 -0.09824  6.39415e+01 | 11  0.02958  1.35224e+03 | 12 -0.07305  1.58566e+02
 13  0.02103 -2.08003e+02 | 14 -0.03411  6.16927e+02 | 15 -0.08772  1.02933e+03
 16 -0.11759  4.21376e+02 | 17  0.03167  2.62663e+03 | 18 -0.00755  1.46789e+03
 19 -0.09427 -4.31906e+01 | 20 -0.17474 -9.81339e+01 | 21 -0.04835 -4.71984e+02
 22 -0.10197  5.22049e+01 | 23 -0.08602  7.06568e+01 | 24 -0.04300  7.22127e+01
 25 -0.07349  7.26231e+01 | 26 -0.12528  4.06970e+01 | 27  0.00701 -3.22847e+00
 28 -0.21153 -2.50258e+01 | 29 -0.15892 -1.14161e+01 | 30 -0.04944 -1.06764e+02
 31 -0.10885 -5.66857e+01 | 32 -0.07536 -1.09923e+02 | 33 -0.05408  2.36241e+02
 34 -0.15097 -7.31457e+01 | 35 -0.01751 -1.10072e+02 | 36 -0.27705 -6.79767e+01
 37 -0.08879 -1.45190e+02 | 38 -0.16854  1.21796e+02 | 39 -0.08127  2.26600e+02
 40 -0.11690 -9.59768e+01 | 41 -0.11016  5.07222e+01 | 42 -0.09996 -5.40322e+00
 43 -0.06449 -3.93183e+01 | 44 -0.11301  6.89622e+01 | 45 -0.03725 -1.69198e+01
 46 -0.08792 -2.54209e+01 | 47 -0.17899  1.16514e+01 | 48  0.00515  1.90501e+02
 49 -0.16676  4.04535e+00 | 50 -0.03495 -7.65243e+01 | 51 -0.11297  6.40811e+01
 52 -0.07276 -9.23220e+01 | 53 -0.00013 -4.98709e+01 | 54 -0.00816 -6.87269e+01
 55 -0.08862  1.91333e+01 | 56 -0.12086  3.83614e+01 | 57 -0.05695  3.84066e+01
 58 -0.08036  1.35769e+02 | 59 -0.09651  1.70905e+02 | 60 -1.72792  2.89187e+01
 61 -0.03825  6.31135e+01 | 62 -0.10860  7.48839e+00 | 63 -0.09501 -9.30392e+01
 64 -0.09698  3.61227e+01 | 65 -0.04991  2.69240e+01 | 66 -0.04084  6.61112e+00
 67 -0.04078 -2.83554e+01 | 68 -0.03471 -1.87707e+02 | 69 -0.06120  6.29648e+00
 70 -0.07761  6.01145e+01 | 71  0.02336 -1.69870e+01 | 72 -0.20963 -3.30912e+01
 73  0.07769 -3.69586e+01 | 74 -0.05154 -1.02082e+01 | 75 -0.06713  1.19050e+02
 76 -0.03690  1.17770e+02 | 77 -0.09273 -7.75081e+01 | 78  0.10276 -1.26738e+02
 79 -0.16013 -2.99980e+01 | 80  0.00227  2.07336e+01 | 81 -0.09719 -4.04740e+01
 82  0.07948  5.92440e+01 | 83 -0.00436 -4.77288e+00 | 84 -0.08094  1.18530e+01
 85 -0.09331  5.08141e+01 | 86 -0.03066 -4.88161e+01 | 87  0.00385  2.88507e+01
 88 -0.05304  6.07914e+01 | 89 -0.12676 -1.56346e+01 | 90 -0.04459 -3.28386e+00
 91 -0.09713 -3.76710e+01 | 92 -0.00519 -4.53886e-01 | 93 -0.00600 -5.82461e-01
 94 -0.07225 -1.34933e-01 | 95 -0.07383 -2.55828e+00 | 96 -0.20855 -5.71449e+01
 97 -0.65257 -1.51100e+01 | 98 -0.77897 -8.30575e+00 | 99 -0.73731  1.66485e+01
100 -0.87609 -9.34032e+00 |101  0.09395 -6.15939e+01 |102 -0.00053 -4.93756e-03
103  0.03845 -7.31905e+02 |104  0.18438  3.69482e-02 |105 -0.00000 -7.57920e-16
106 -0.00000 -6.04273e-14 |107 -0.00000 -9.26280e-15 |108 -0.12772 -2.62467e-07
109  0.01263 -7.35772e-10 |110  0.12743  3.20050e+03 |111 -0.14224  1.97504e+02
112  0.01766 -1.85819e+04 |113 -0.06343  2.20142e-01 |114  0.00000  4.37583e-15
115 -0.04792  8.71900e-01 |116 -0.33394 -1.63344e+01 |117  0.00000  3.75741e-06
118  0.04672  2.39235e+01 |119  0.44207 -1.01593e+02 |120 -0.61073 -1.34470e+01
121 -0.12198  3.84750e+03 |122  0.13752  8.53794e-03 |123  0.00001  1.91864e-04
124  0.86930  4.45563e+01 |125 -0.63479 -2.34137e-01 |126  0.10847  8.81298e-02
127 -0.57422  9.39347e-01 |128 -0.00000 -1.79189e-13 |129 -0.55347  5.87410e+01
130  0.00000  2.99679e-15 |131 -0.81813 -1.98764e+01 |132  0.00000  0.00000e+00
133 -0.14850  9.65568e+01 |134 -0.00000 -1.72137e-07 |135 -0.00551 -1.06166e+03
136  0.00839  2.92579e-02 |137 -0.56389  1.65710e+03 |138  0.36522  3.03981e-01
139 -0.24111 -8.78956e+02 |140 -0.00000 -2.03889e-07 |141  0.00000  1.31556e-06
142  0.18603  1.53431e+01 |143 -0.18078 -3.78267e+02 |144 -0.00000 -1.79189e-13
145 -0.30743 -1.09189e+02 |146  0.00000  0.00000e+00 |147 -0.07594  7.73425e+01
148  0.00000  5.28337e-08 |149  0.38976  2.20841e+00 |150  0.00000  1.01962e-07
151 -0.03045  4.08001e+02 |

Initial statistics: 198 variables; iteration 0; function evaluation 0; phase 4
Function value 2.2228450e+03; maximum gradient component mag -1.8582e+04
Var    Value     Gradient |Var    Value     Gradient |Var    Value     Gradient
  1 -0.15057  9.27330e+03 |  2  0.00000 -2.22894e-04 |  3  0.00000 -2.71760e-04
  4  0.00000 -6.04110e-04 |  5  0.00000 -1.34657e-03 |  6  0.00000 -3.01302e-03
  7  0.00000 -6.78188e-03 |  8  0.00000 -1.54054e-02 |  9  0.00000 -3.54144e-02
 10  0.00000 -8.21050e-02 | 11  0.00000 -1.86511e-01 | 12  0.00000 -3.75591e-01
 13  0.00000 -2.45029e-01 | 14  0.00000  5.90593e-02 | 15  0.00000 -1.32414e-03
 16  0.00000 -3.78427e-01 | 17  0.00000  8.18731e-01 | 18  0.00000  2.45998e-02
 19  0.00000 -4.55558e-01 | 20  0.00000 -1.16623e+00 | 21  0.00000 -2.47843e+00
 22  0.00000 -4.10082e+00 | 23  0.00000 -6.45584e+00 | 24  0.00000 -1.06928e+01
 25  0.00000 -1.61803e+01 | 26  0.00000 -2.36466e+01 | 27  0.00000 -3.21240e+01
 28  0.00000 -3.86085e+01 | 29  0.00000 -3.84501e+01 | 30  0.00000 -2.35626e+01
 31  0.00000  1.89233e+01 | 32  0.00000  8.67575e+01 | 33  0.00000  2.91015e+02
 34  0.00000  4.01000e+02 | 35  0.00000  1.62917e+02 | 36  0.00000 -2.89079e+02
 37  0.00000  3.49012e+02 | 38 -0.05624  4.18543e+02 | 39 -0.06702  4.68705e+02
 40 -0.05039  1.29896e-01 | 41  0.02509 -1.19593e+03 | 42  0.00412  5.24077e+02
 43 -0.05776  4.73225e+02 | 44 -0.01480  6.66557e+02 | 45  0.01211  3.71406e+02
 46 -0.09824  6.39415e+01 | 47  0.02958  1.35224e+03 | 48 -0.07305  1.58566e+02
 49  0.02103 -2.08003e+02 | 50 -0.03411  6.16927e+02 | 51 -0.08772  1.02933e+03
 52 -0.11759  4.21376e+02 | 53  0.03167  2.62663e+03 | 54 -0.00755  1.46789e+03
 55 -0.09427 -4.31906e+01 | 56 -0.17474 -9.81339e+01 | 57 -0.04835 -4.71984e+02
 58 -0.10197  5.22049e+01 | 59 -0.08602  7.06568e+01 | 60 -0.04300  7.22127e+01
 61 -0.07349  7.26231e+01 | 62 -0.12528  4.06970e+01 | 63  0.00701 -3.22847e+00
 64 -0.21153 -2.50258e+01 | 65 -0.15892 -1.14161e+01 | 66 -0.04944 -1.06764e+02
 67 -0.10885 -5.66857e+01 | 68 -0.07536 -1.09923e+02 | 69 -0.05408  2.36241e+02
 70 -0.15097 -7.31457e+01 | 71 -0.01751 -1.10072e+02 | 72 -0.27705 -6.79767e+01
 73 -0.08879 -1.45190e+02 | 74 -0.16854  1.21796e+02 | 75 -0.08127  2.26600e+02
 76 -0.11690 -9.59768e+01 | 77 -0.11016  5.07222e+01 | 78 -0.09996 -5.40322e+00
 79 -0.06449 -3.93183e+01 | 80 -0.11301  6.89622e+01 | 81 -0.03725 -1.69198e+01
 82 -0.08792 -2.54209e+01 | 83 -0.17899  1.16514e+01 | 84  0.00515  1.90501e+02
 85 -0.16676  4.04535e+00 | 86 -0.03495 -7.65243e+01 | 87 -0.11297  6.40811e+01
 88 -0.07276 -9.23220e+01 | 89 -0.00013 -4.98709e+01 | 90 -0.00816 -6.87269e+01
 91 -0.08862  1.91333e+01 | 92 -0.12086  3.83614e+01 | 93 -0.05695  3.84066e+01
 94 -0.08036  1.35769e+02 | 95 -0.09651  1.70905e+02 | 96 -0.27208 -2.89187e+01
 97 -0.03825  6.31135e+01 | 98 -0.10860  7.48839e+00 | 99 -0.09501 -9.30392e+01
100 -0.09698  3.61227e+01 |101 -0.04991  2.69240e+01 |102 -0.04084  6.61112e+00
103 -0.04078 -2.83554e+01 |104 -0.03471 -1.87707e+02 |105 -0.06120  6.29648e+00
106 -0.07761  6.01145e+01 |107  0.02336 -1.69870e+01 |108 -0.20963 -3.30912e+01
109  0.07769 -3.69586e+01 |110 -0.05154 -1.02082e+01 |111 -0.06713  1.19050e+02
112 -0.03690  1.17770e+02 |113 -0.09273 -7.75081e+01 |114  0.10276 -1.26738e+02
115 -0.16013 -2.99980e+01 |116  0.00227  2.07336e+01 |117 -0.09719 -4.04740e+01
118  0.07948  5.92440e+01 |119 -0.00436 -4.77288e+00 |120 -0.08094  1.18530e+01
121 -0.09331  5.08141e+01 |122 -0.03066 -4.88161e+01 |123  0.00385  2.88507e+01
124 -0.05304  6.07914e+01 |125 -0.12676 -1.56346e+01 |126 -0.04459 -3.28386e+00
127 -0.09713 -3.76710e+01 |128 -0.00519 -4.53886e-01 |129 -0.00600 -5.82461e-01
130 -0.07225 -1.34933e-01 |131 -0.07383 -2.55828e+00 |132 -0.20855 -5.71449e+01
133 -0.65257 -1.51100e+01 |134 -0.77897 -8.30575e+00 |135 -0.73731  1.66485e+01
136 -0.87609 -9.34032e+00 |137  0.09395 -6.15939e+01 |138 -0.00053 -4.93756e-03
139  0.03845 -7.31905e+02 |140  0.18438  3.69482e-02 |141 -0.00000 -7.57920e-16
142 -0.00000 -6.04273e-14 |143 -0.00000 -9.26280e-15 |144 -0.12772 -2.62467e-07
145  0.01263 -7.35772e-10 |146  0.18663  1.25786e+03 |147 -0.05814 -3.31131e+02
148 -0.02329 -1.12744e+03 |149  0.01060  2.83426e+01 |150  0.12743  3.20050e+03
151 -0.14224  1.97504e+02 |152  0.01766 -1.85819e+04 |153 -0.06343  2.20142e-01
154  0.00000  4.37583e-15 |155 -0.04792  8.71900e-01 |156 -0.33394 -1.63344e+01
157  0.00000  3.75741e-06 |158  0.04672  2.39235e+01 |159 -0.01228 -2.10411e+00
160 -0.04620 -3.24055e+03 |161  0.12892  2.61351e+03 |162  0.44207 -1.01593e+02
163 -0.61073 -1.34470e+01 |164 -0.12198  3.84750e+03 |165  0.13752  8.53794e-03
166  0.00001  1.91864e-04 |167  0.86930  4.45563e+01 |168 -0.63479 -2.34137e-01
169  0.10847  8.81298e-02 |170 -0.57422  9.39347e-01 |171 -0.29517  4.00533e+02
172 -0.09571  4.36427e+01 |173 -0.25952  1.76666e+03 |174  0.19931  3.88186e+02
175 -0.00000 -1.79189e-13 |176 -0.55347  5.87410e+01 |177  0.00000  2.99679e-15
178 -0.81813 -1.98764e+01 |179  0.00000  0.00000e+00 |180 -0.14850  9.65568e+01
181 -0.00000 -1.72137e-07 |182 -0.00551 -1.06166e+03 |183  0.00839  2.92579e-02
184 -0.56389  1.65710e+03 |185  0.36522  3.03981e-01 |186 -0.24111 -8.78956e+02
187 -0.00000 -2.03889e-07 |188  0.00000  1.31556e-06 |189  0.18603  1.53431e+01
190 -0.18078 -3.78267e+02 |191 -0.00000 -1.79189e-13 |192 -0.30743 -1.09189e+02
193  0.00000  0.00000e+00 |194 -0.07594  7.73425e+01 |195  0.00000  5.28337e-08
196  0.38976  2.20841e+00 |197  0.00000  1.01962e-07 |198 -0.03045  4.08001e+02

Intermediate statistics: 198 variables; iteration 20; function evaluation 24; phase 4
Function value 2.1379278e+03; maximum gradient component mag -1.2381e+04
Var    Value     Gradient |Var    Value     Gradient |Var    Value     Gradient
  1 -0.15703  8.77724e+02 |  2  0.00000 -2.29243e-04 |  3  0.00000 -2.80617e-04
  4  0.00000 -6.23575e-04 |  5  0.00000 -1.38836e-03 |  6  0.00000 -3.09737e-03
  7  0.00000 -6.93282e-03 |  8  0.00000 -1.56033e-02 |  9  0.00001 -3.53306e-02
 10  0.00002 -8.00317e-02 | 11  0.00005 -1.75940e-01 | 12  0.00009 -3.37899e-01
 13  0.00006 -1.92266e-01 | 14 -0.00002  1.43250e-01 | 15 -0.00001  1.27445e-01
 16  0.00009 -1.60483e-01 | 17 -0.00022  1.04591e+00 | 18 -0.00003  5.30425e-01
 19  0.00007  4.10891e-01 | 20  0.00021  2.40949e-01 | 21  0.00048 -1.99364e-01
 22  0.00080 -4.63361e-01 | 23  0.00124 -6.83490e-01 | 24  0.00207 -1.69488e+00
 25  0.00314 -2.69496e+00 | 26  0.00460 -3.98438e+00 | 27  0.00620 -4.22497e+00
 28  0.00720 -2.47416e-01 | 29  0.00672  1.06908e+01 | 30  0.00399  2.97482e+01
 31  0.00035  5.16789e+01 | 32  0.00338  6.35297e+01 | 33 -0.00374  1.67219e+02
 34  0.00321  2.43137e+02 | 35 -0.00336 -2.00279e+01 | 36  0.00468 -1.84379e+02
 37  0.00154  2.06668e+02 | 38 -0.06166  1.70695e+02 | 39 -0.07377  1.85056e+02
 40 -0.05117 -4.35974e+01 | 41  0.02784 -8.17189e+02 | 42 -0.00356  1.31482e+01
 43 -0.07019  1.25815e+02 | 44 -0.02884  2.12010e+02 | 45 -0.00221  1.37944e+02
 46 -0.09061 -1.64725e+01 | 47  0.03825  2.09921e+02 | 48 -0.05971 -2.56662e+01
 49  0.03219 -4.47212e+02 | 50 -0.03146 -4.06702e+01 | 51 -0.10484  2.44903e+02
 52 -0.11727  1.14921e+02 | 53  0.03519  6.14738e+02 | 54 -0.00913  1.31450e+02
 55 -0.08185 -1.42929e+02 | 56 -0.17996 -5.36169e+01 | 57 -0.04575 -5.47814e+02
 58 -0.09467 -1.21104e+02 | 59 -0.09000 -4.87005e+01 | 60 -0.03829  6.68511e+01
 61 -0.07078  8.09136e+01 | 62 -0.13041  6.69342e+01 | 63  0.01539  7.28334e+02
 64 -0.20488  9.78099e-01 | 65 -0.15645  3.28401e+01 | 66 -0.04708  8.60736e+01
 67 -0.10918  3.22415e+01 | 68 -0.05613  2.23740e+01 | 69 -0.06405  4.08232e+01
 70 -0.12486 -1.30513e+02 | 71 -0.01667 -6.23102e+02 | 72 -0.25981 -8.69139e+01
 73 -0.08192 -2.15357e+02 | 74 -0.18151  1.46871e+01 | 75 -0.08346  1.33295e+02
 76 -0.11346  2.00536e+00 | 77 -0.11948 -1.05237e+01 | 78 -0.10172  1.28199e+01
 79 -0.06523 -9.57547e+00 | 80 -0.12665  2.33726e+01 | 81 -0.03881 -5.11173e+00
 82 -0.08732  4.24782e+00 | 83 -0.18130  1.16977e+01 | 84  0.00209  9.94180e+01
 85 -0.16699  4.58589e+00 | 86 -0.03231 -1.94041e+01 | 87 -0.12897  4.56336e+01
 88 -0.06183 -4.93644e+00 | 89 -0.00451 -4.06695e+01 | 90 -0.00842 -5.31307e+01
 91 -0.09498  2.98706e+00 | 92 -0.12924  2.02940e+01 | 93 -0.06002  1.81376e+01
 94 -0.09232  2.21623e+01 | 95 -0.11120  2.44789e+01 | 96 -0.26395 -3.13581e+01
 97 -0.04356  2.63236e+01 | 98 -0.11417  1.53476e+01 | 99 -0.08833 -1.04967e+01
100 -0.10563  1.70661e+01 |101 -0.04981  2.28033e+01 |102 -0.03810  2.02614e+01
103 -0.04251  4.98102e+00 |104 -0.02057 -1.08808e+01 |105 -0.06236  5.00443e+00
106 -0.08336  1.34824e+01 |107  0.02694  3.33405e+01 |108 -0.20144 -3.11620e+01
109  0.07735 -2.03404e+01 |110 -0.04654 -2.00342e+01 |111 -0.08356  3.95371e+01
112 -0.04632  3.16575e+01 |113 -0.07307 -5.56565e+01 |114  0.10413 -4.35038e+01
115 -0.15263 -2.96362e+01 |116  0.00230  2.65887e+01 |117 -0.08608 -3.61539e+01
118  0.07756  1.56465e+01 |119 -0.00169  2.50367e+00 |120 -0.08269  4.61877e+00
121 -0.10475  2.91406e+01 |122 -0.02768 -2.27891e+00 |123 -0.00057 -2.78300e+00
124 -0.06210  1.14791e+01 |125 -0.12306 -1.40941e+01 |126 -0.04738  1.92312e+00
127 -0.08833 -3.69167e+01 |128 -0.00510 -3.95377e-01 |129 -0.00587 -4.47844e-01
130 -0.07221 -2.14650e-01 |131 -0.07311 -2.84915e+00 |132 -0.19508 -4.52030e+01
133 -0.65024 -1.42583e+01 |134 -0.77692 -9.26332e+00 |135 -0.74181  2.00893e+01
136 -0.87464 -8.13647e+00 |137  0.10023  9.19985e+02 |138 -0.00053 -5.42594e-03
139  0.03847 -7.23089e+03 |140  0.18437  2.31381e-02 |141 -0.00000 -1.05008e-15
142 -0.00000 -6.04273e-14 |143 -0.00000 -9.26280e-15 |144 -0.12772 -2.62377e-07
145  0.01263 -7.35655e-10 |146  0.18610  8.76674e+02 |147 -0.05927 -4.88609e+02
148 -0.02288 -5.72191e+02 |149  0.00629  2.42565e+01 |150  0.12543  1.94037e+03
151 -0.09320  2.51421e+02 |152  0.01754 -1.23814e+04 |153 -0.06304  1.35970e-01
154  0.00000  4.34794e-15 |155 -0.04799  1.82431e-01 |156 -0.33316  6.08607e-01
157  0.00000  3.67838e-06 |158  0.04780 -8.39381e+01 |159 -0.01222 -2.16694e+00
160 -0.04800 -4.66426e+03 |161  0.12827 -3.53591e+01 |162  0.44965 -1.31534e+02
163 -0.60734 -1.32962e+01 |164 -0.12464  3.22347e+03 |165  0.13752  2.28985e-03
166  0.00001  1.47380e-04 |167  0.85839  4.15858e+01 |168 -0.63223 -4.26674e+00
169  0.10843 -3.99257e-02 |170 -0.57309  5.57571e+00 |171 -0.30134  1.45113e+02
172 -0.09364  1.95835e+01 |173 -0.25205  1.18777e+03 |174  0.19027  4.01178e+01
175 -0.00000 -1.79189e-13 |176 -0.55360 -1.26115e+02 |177  0.00000  2.99679e-15
178 -0.81274  4.15886e+01 |179  0.00000  0.00000e+00 |180 -0.14762  8.56611e+00
181 -0.00000 -1.71922e-07 |182 -0.00572 -4.21525e+03 |183  0.00840 -1.31964e-01
184 -0.58801  5.37705e+02 |185  0.36476  4.13373e+00 |186 -0.26707 -2.40082e+02
187 -0.00000 -2.02708e-07 |188  0.00000  1.39826e-06 |189  0.18376 -3.16486e+01
190 -0.17997 -4.09671e+03 |191 -0.00000 -1.79189e-13 |192 -0.31067 -1.66858e+02
193  0.00000  0.00000e+00 |194 -0.06253  5.66821e+01 |195  0.00000  5.27678e-08
196  0.38921  2.20430e+00 |197  0.00000  1.01835e-07 |198 -0.04327  1.00055e+02
