
Initial statistics: 6 variables; iteration 0; function evaluation 0; phase 1
Function value 7.3244992e+03; maximum gradient component mag 1.4145e+04
Var    Value     Gradient |Var    Value     Gradient |Var    Value     Gradient
  1 -0.10252  1.41452e+04 |  2 -0.71808 -2.22285e+01 |  3 -0.37792  1.29955e+00
  4  0.10793  7.27048e+03 |  5  0.12405  9.75626e+03 |  6  0.50383  3.51355e+03

 - final statistics:
6 variables; iteration 13; function evaluation 27
Function value 6.2617e+03; maximum gradient component mag -5.2461e+00
Exit code = 1;  converg criter 1.0000e+01
Var    Value     Gradient |Var    Value     Gradient |Var    Value     Gradient
  1 -0.15993  2.23485e-01 |  2 -0.07471  2.40226e-02 |  3  2.00842  8.48752e-02
  4  0.08783 -2.24683e+00 |  5  0.12335 -5.24611e+00 |  6  0.35120 -2.68729e-01

Initial statistics: 24 variables; iteration 0; function evaluation 0; phase 2
Function value 6.2616688e+03; maximum gradient component mag 3.7923e+03
Var    Value     Gradient |Var    Value     Gradient |Var    Value     Gradient
  1 -0.15993  2.23485e-01 |  2 -0.07471  2.40226e-02 |  3 -0.00842 -8.48752e-02
  4  0.08783 -2.24683e+00 |  5  0.00000 -7.84770e-16 |  6 -0.00000 -5.44870e-16
  7  0.12335 -5.24611e+00 |  8  0.00447  4.83696e-01 |  9 -0.01041  6.90130e+00
 10  0.35120 -2.68729e-01 | 11  0.00000  6.04397e+00 | 12  0.00000 -6.90955e-01
 13  0.00000 -6.53975e-16 | 14 -0.48584  8.54845e+02 | 15 -0.00000 -2.72435e-16
 16 -0.60505 -4.62691e+01 | 17  0.00017 -1.21126e+00 | 18 -0.62187  3.79235e+03
 19  0.01637  4.20556e+01 | 20 -0.28235 -2.00762e+03 | 21  0.00000 -6.53975e-16
 22 -0.24505  1.54943e+02 | 23  0.00000  0.00000e+00 | 24  0.28102 -1.41372e+01

Intermediate statistics: 24 variables; iteration 20; function evaluation 38; phase 2
Function value 6.0911641e+03; maximum gradient component mag 6.8817e+02
Var    Value     Gradient |Var    Value     Gradient |Var    Value     Gradient
  1 -0.15154  6.88173e+02 |  2 -0.19608 -2.40010e+00 |  3  0.06794  2.32706e+00
  4  0.08660  4.13428e+01 |  5  0.00000  1.49106e-14 |  6 -0.00000 -7.62819e-15
  7  0.12619  4.52004e+02 |  8  0.00555  4.72601e-01 |  9  0.10433  5.39070e+00
 10  0.34606  2.21492e+01 | 11 -0.42843  9.16666e+00 | 12 -0.73439  3.19878e+01
 13  0.00000 -6.53975e-16 | 14 -0.54337  1.24430e+01 | 15 -0.00000 -8.17306e-16
 16 -0.61377  1.48071e+01 | 17 -0.01571 -3.55867e-01 | 18 -0.67050  3.33443e+02
 19 -0.43722  1.80544e+01 | 20 -0.26666 -1.57029e+02 | 21  0.00000 -6.53975e-16
 22 -0.35193  9.02912e+00 | 23  0.00000  0.00000e+00 | 24  0.01237  9.04054e-01

 - final statistics:
24 variables; iteration 28; function evaluation 47
Function value 6.0883e+03; maximum gradient component mag -8.4046e+00
Exit code = 1;  converg criter 1.0000e+01
Var    Value     Gradient |Var    Value     Gradient |Var    Value     Gradient
  1 -0.15205 -1.79446e+00 |  2 -0.07980  2.36607e-03 |  3 -0.02823  1.71714e-02
  4  0.08653  3.61570e-01 |  5 -0.00000 -2.25679e-09 |  6 -0.00000 -7.51225e-09
  7  0.12608 -8.40455e+00 |  8 -0.04662  4.92721e-03 |  9 -0.03957 -1.40513e-01
 10  0.34481 -7.93221e-01 | 11 -0.37576  3.09094e-02 | 12 -0.79414  2.57230e-01
 13 -0.00000 -2.40014e-09 | 14 -0.54446  5.89291e-01 | 15 -0.00000 -1.26900e-12
 16 -0.62018  5.17687e-01 | 17 -0.04285 -4.69315e-02 | 18 -0.67204  1.63986e+00
 19 -0.45524  3.16370e-01 | 20 -0.25949 -6.94287e-01 | 21 -0.00000 -2.40014e-09
 22 -0.35613 -9.22019e-01 | 23  0.00000  0.00000e+00 | 24 -0.00065  7.42239e-01

Initial statistics: 151 variables; iteration 0; function evaluation 0; phase 3
Function value 6.0882682e+03; maximum gradient component mag 7.3554e+03
Var    Value     Gradient |Var    Value     Gradient |Var    Value     Gradient
  1 -0.15205 -1.79446e+00 |  2  0.00000 -7.02779e+02 |  3  0.00000 -1.05361e+03
  4  0.00000  2.25870e+03 |  5  0.00000  4.91145e+03 |  6  0.00000  1.65369e+02
  7  0.00000 -1.34751e+03 |  8  0.00000 -1.30778e+03 |  9  0.00000 -3.32794e+03
 10  0.00000 -2.40662e+03 | 11  0.00000 -3.01298e+03 | 12  0.00000 -3.52644e+03
 13  0.00000  6.10209e+02 | 14  0.00000  6.89711e+03 | 15  0.00000  7.35539e+03
 16  0.00000  4.46095e+03 | 17  0.00000 -1.26741e+03 | 18  0.00000 -5.55466e+03
 19  0.00000 -2.88783e+03 | 20  0.00000  1.12587e+03 | 21  0.00000  4.73467e+02
 22  0.00000 -3.79079e+02 | 23  0.00000 -1.30494e+03 | 24  0.00000 -1.20874e+03
 25  0.00000 -1.23357e+02 | 26  0.00000  1.95758e+02 | 27  0.00000  2.99363e+02
 28  0.00000  3.63190e+02 | 29  0.00000  3.59489e+02 | 30  0.00000  5.93549e+02
 31  0.00000  1.38298e+03 | 32  0.00000  1.65713e+03 | 33  0.00000  8.29715e+02
 34  0.00000 -5.54906e+02 | 35  0.00000  1.32767e+03 | 36  0.00000  2.81785e+03
 37  0.00000  2.17041e+03 | 38  0.00000  1.30671e+03 | 39  0.00000 -1.68401e+03
 40  0.00000 -4.81189e+03 | 41  0.00000  5.22237e+01 | 42  0.00000  1.37707e+03
 43  0.00000  1.29134e+03 | 44  0.00000 -5.91310e+02 | 45  0.00000 -2.76119e+03
 46  0.00000 -1.10445e+03 | 47  0.00000  9.01190e+01 | 48  0.00000  3.68443e+02
 49  0.00000  6.96768e+02 | 50  0.00000  6.56404e+02 | 51  0.00000 -5.53059e+01
 52  0.00000 -3.36133e+01 | 53  0.00000 -5.96373e+02 | 54  0.00000  5.31163e+01
 55  0.00000 -5.57195e+02 | 56  0.00000 -9.28339e+02 | 57  0.00000 -7.70193e+02
 58  0.00000  5.28212e+02 | 59  0.00000  1.03610e+03 | 60  0.00000  4.62457e+02
 61  0.00000 -5.04968e+02 | 62  0.00000 -3.79384e+02 | 63  0.00000  5.73368e+02
 64  0.00000  1.39974e+01 | 65  0.00000 -1.39615e+03 | 66  0.00000 -8.86100e+01
 67  0.00000  6.15222e+02 | 68  0.00000 -8.29866e+01 | 69  0.00000 -3.08532e+02
 70  0.00000  6.17307e+02 | 71  0.00000  4.20055e+02 | 72  0.00000 -1.59658e+02
 73  0.00000 -1.51119e+03 | 74  0.00000 -1.53625e+02 | 75  0.00000  7.07226e+02
 76  0.00000  6.96878e+02 | 77  0.00000 -3.11778e+02 | 78  0.00000 -7.81582e+02
 79  0.00000 -6.53040e+02 | 80  0.00000  6.77060e+01 | 81  0.00000  5.12363e+01
 82  0.00000 -2.35240e+02 | 83  0.00000 -3.31109e+02 | 84  0.00000  2.84034e+01
 85  0.00000 -2.49793e+02 | 86  0.00000 -7.10427e+01 | 87  0.00000  6.64163e+02
 88  0.00000  2.68967e+02 | 89  0.00000 -1.78938e+02 | 90  0.00000  3.15411e+02
 91  0.00000  4.00433e+01 | 92  0.00000  3.39543e-01 | 93  0.00000  1.07381e-01
 94 -0.07980  2.36607e-03 | 95 -0.02823  1.71714e-02 | 96 -0.10324 -4.50254e+02
 97 -0.66899 -1.27781e+02 | 98 -0.50165 -2.86559e+01 | 99 -0.78503 -2.52060e+02
100 -0.81077 -5.76612e+02 |101  0.08653  3.61570e-01 |102  0.00000  6.60497e-03
103  0.04041 -3.74850e+03 |104  0.19239  4.98493e-02 |105  0.00000  1.84033e-15
106 -0.00000 -2.25679e-09 |107 -0.00000 -7.51225e-09 |108 -0.12772 -4.37748e-07
109  0.01263 -9.08515e-10 |110  0.12608 -8.40455e+00 |111 -0.09113 -1.03183e+02
112  0.01749 -1.89836e+03 |113 -0.17559 -2.94419e+01 |114  0.00000 -1.11034e-15
115 -0.04662  4.92721e-03 |116 -0.03957 -1.40513e-01 |117  0.00000 -2.22054e-06
118  0.08274  9.14111e+00 |119  0.34481 -7.93221e-01 |120 -0.01376  1.83257e+02
121 -0.12524  2.84472e+03 |122  0.12698  5.93040e-02 |123  0.00000  1.73428e-04
124 -0.37576  3.09094e-02 |125 -0.79414  2.57230e-01 |126  0.12714 -4.64850e-02
127 -0.31868  9.07282e+01 |128 -0.00000 -2.40014e-09 |129 -0.54446  5.89291e-01
130 -0.00000 -1.26900e-12 |131 -0.62018  5.17687e-01 |132  0.00000  0.00000e+00
133 -0.14320 -5.74954e+03 |134  0.00000  5.75241e-07 |135 -0.00344 -7.14602e+02
136 -0.04285 -4.69315e-02 |137 -0.67204  1.63986e+00 |138 -0.45524  3.16370e-01
139 -0.25949 -6.94287e-01 |140  0.00000 -1.98660e-06 |141  0.00000  7.71948e-06
142  0.12997 -5.06619e+01 |143 -0.17940 -6.92324e+03 |144 -0.00000 -2.40014e-09
145 -0.35613 -9.22019e-01 |146  0.00000  0.00000e+00 |147 -0.00065  7.42239e-01
148 -0.00000 -1.76558e-07 |149  0.05898  9.71274e+01 |150 -0.00000 -3.40753e-07
151 -0.07265 -4.45167e+02 |

Intermediate statistics: 151 variables; iteration 20; function evaluation 29; phase 3
Function value 2.3400113e+03; maximum gradient component mag 1.6911e+04
Var    Value     Gradient |Var    Value     Gradient |Var    Value     Gradient
  1 -0.16380  7.87784e+03 |  2 -0.08651 -5.62069e+00 |  3  0.01731  6.56204e+02
  4 -0.05896  7.23611e+02 |  5 -0.10511  6.30611e+02 |  6 -0.05082 -8.35008e+01
  7 -0.04425 -1.01274e+03 |  8 -0.23479 -1.82411e+02 |  9  0.06575  2.36114e+03
 10 -0.09519  2.36026e+02 | 11 -0.00238  1.36499e+03 | 12  0.03067  2.17015e+03
 13 -0.06898  5.46522e+02 | 14 -0.08878  8.39351e+02 | 15 -0.09230  6.48855e+02
 16 -0.09067  1.76831e+02 | 17 -0.05306 -5.48914e+02 | 18  0.00187 -1.97037e+03
 19  0.00580 -5.03999e+02 | 20 -0.10572  1.24376e+02 | 21 -0.03294  3.64817e+02
 22 -0.13976 -1.68057e+01 | 23 -0.01719  4.07485e+01 | 24  0.04850  7.86278e+02
 25 -0.13233  5.51127e+01 | 26 -0.12110  4.62548e+01 | 27 -0.08514  4.29800e+01
 28 -0.07238  2.03195e+02 | 29 -0.03821  5.52523e+02 | 30 -0.04006  6.02371e+02
 31 -0.12334  1.91093e+02 | 32 -0.11359 -1.57761e+01 | 33 -0.17207 -5.10985e+01
 34 -0.02452  3.10901e+02 | 35 -0.16921 -1.84026e+02 | 36 -0.18380  4.39477e+01
 37 -0.20885 -1.70342e+02 | 38 -0.17407 -5.97917e+02 | 39 -0.14622 -5.90632e+02
 40  0.07662  1.63558e+02 | 41 -0.11553  3.01450e+01 | 42 -0.08204  1.67012e+02
 43 -0.07634  1.38298e+02 | 44 -0.06703 -4.19716e+01 | 45  0.16568  5.14019e+02
 46  0.00834 -7.87885e+01 | 47  0.01185 -2.42421e+01 | 48  0.05049  1.66471e+02
 49  0.00543  3.97494e+01 | 50 -0.02119  1.28600e+01 | 51  0.07547  1.93081e+02
 52 -0.00519  1.32394e+01 | 53  0.09787  8.13963e+01 | 54 -0.02429  3.61402e+01
 55  0.08369  1.37949e+02 | 56  0.07373  7.76279e+01 | 57  0.08121  3.84024e+01
 58 -0.06867 -6.85271e+00 | 59 -0.05164 -7.59471e+01 | 60 -0.01078 -8.23160e+01
 61  0.06119  1.55078e+02 | 62  0.05933  1.15288e+02 | 63 -0.05645 -3.08066e+01
 64 -0.05255 -1.03399e+02 | 65  0.11039 -4.10668e+01 | 66 -0.03538 -4.81366e+01
 67 -0.03951 -4.98547e+01 | 68  0.04226  9.60892e+01 | 69  0.05605  5.05294e+01
 70 -0.06593  5.49248e+01 | 71  0.03891  1.91778e+02 | 72 -0.05161 -1.23573e+01
 73  0.11362 -1.49969e+02 | 74 -0.02870 -2.24348e+01 | 75 -0.00281 -4.29983e+01
 76 -0.01987  3.26119e+01 | 77  0.06125  1.29420e+02 | 78  0.07102  2.93279e+01
 79  0.07954  2.57381e+01 | 80 -0.00243  3.10328e+01 | 81  0.04164  9.60511e+01
 82  0.04771  1.30438e+02 | 83  0.05195  3.66133e+01 | 84 -0.01897 -1.03684e+01
 85  0.04168  6.33019e+01 | 86  0.02044 -7.20499e-01 | 87 -0.08935 -4.65931e+00
 88 -0.01924 -8.93490e+01 | 89  0.02587  2.88686e+01 | 90 -0.07917  3.29371e+01
 91 -0.00647 -7.56995e+00 | 92 -0.00015  2.15737e-01 | 93 -0.00010  8.13921e-02
 94 -0.07974 -1.23097e-06 | 95 -0.02751 -6.76036e-01 | 96 -0.06084  9.38678e-01
 97 -0.65597  7.97413e+00 | 98 -0.49724 -7.45321e+00 | 99 -0.77574  1.79334e+00
100 -0.77861 -2.53869e+01 |101  0.09096 -2.06624e+03 |102 -0.00000  6.34025e-03
103  0.04064  1.69110e+04 |104  0.19237  5.10078e-02 |105 -0.00000  1.92117e-15
106 -0.00000 -2.24122e-09 |107 -0.00000 -7.46043e-09 |108 -0.12772 -4.37469e-07
109  0.01263 -9.08246e-10 |110  0.12033  2.00224e+03 |111 -0.08315  1.80223e+02
112  0.01645 -1.30432e+04 |113 -0.10543  2.92923e+00 |114  0.00000  1.65580e-16
115 -0.04638 -1.70124e-01 |116 -0.04600  4.69608e+00 |117  0.00000 -2.23839e-06
118  0.08304  1.43497e+01 |119  0.43447 -5.28551e+01 |120 -0.02543  6.30097e+00
121 -0.12444  2.85979e+02 |122  0.12697 -2.64503e-04 |123 -0.00000 -1.39858e-05
124 -0.35981 -3.43328e+01 |125 -0.74197 -6.23427e+01 |126  0.12705  1.95624e-01
127 -0.27400 -1.07667e+02 |128 -0.00000 -2.38358e-09 |129 -0.49325 -5.24827e+02
130 -0.00000 -1.26628e-12 |131 -0.65298 -3.38336e+00 |132  0.00000  0.00000e+00
133 -0.15516 -1.16273e+03 |134  0.00000  5.73915e-07 |135 -0.00724 -1.34760e+04
136 -0.04396  3.44658e+00 |137 -0.56316  1.01391e+03 |138 -0.43855 -5.83765e+01
139 -0.21409 -5.07083e+02 |140  0.00000 -1.50264e-06 |141 -0.00000 -3.85780e-07
142  0.10711 -6.61449e+01 |143 -0.17651  1.02325e+04 |144 -0.00000 -2.38358e-09
145 -0.28480  1.16932e+02 |146  0.00000  0.00000e+00 |147  0.00149 -2.74672e+01
148 -0.00000 -1.76151e-07 |149  0.04235 -8.99369e+01 |150 -0.00000 -3.39968e-07
151 -0.04514  1.24978e+02 |
151 variables; iteration 40; function evaluation 51; phase 3
Function value 2.2338583e+03; maximum gradient component mag 1.6284e+04
Var    Value     Gradient |Var    Value     Gradient |Var    Value     Gradient
  1 -0.15168 -3.58641e+02 |  2 -0.09101 -7.08037e+01 |  3 -0.00322 -6.02687e+02
  4 -0.06503  4.49987e+02 |  5 -0.11815  5.25673e+02 |  6 -0.06483 -3.10046e+02
  7 -0.05371 -1.00546e+03 |  8 -0.33556 -9.19269e+01 |  9  0.05178  9.19227e+02
 10 -0.09027  1.59487e+02 | 11 -0.01943  4.17984e+02 | 12  0.02564  5.62945e+02
 13 -0.08025  9.20881e+01 | 14 -0.11185  1.91149e+02 | 15 -0.10407  1.76045e+02
 16 -0.10294 -5.73412e+01 | 17 -0.06475 -8.90919e+02 | 18 -0.01344 -2.47729e+03
 19 -0.00249 -4.15493e+02 | 20 -0.15317  4.59681e+01 | 21 -0.04434  5.18838e+02
 22 -0.19719 -4.47619e+01 | 23 -0.03369  3.06680e+01 | 24  0.02862  5.72008e+02
 25 -0.13866  5.20372e+01 | 26 -0.12729  5.14804e+01 | 27 -0.07450  7.59596e+01
 28 -0.09125  9.91620e+01 | 29 -0.06302  1.46424e+02 | 30 -0.05149  5.21353e+01
 31 -0.20037 -1.58365e+01 | 32 -0.10912 -1.35634e+02 | 33 -0.21149 -4.53789e+01
 34 -0.03685  1.08123e+03 | 35 -0.16809 -4.24074e+01 | 36 -0.19167  1.81649e+02
 37 -0.22557 -7.78508e+01 | 38 -0.18772 -3.73807e+02 | 39 -0.14271 -2.37380e+02
 40  0.04318  4.96984e+02 | 41 -0.18246  2.65093e+00 | 42 -0.14594  3.59402e-01
 43 -0.17159 -2.71153e+01 | 44 -0.09155 -2.67702e+01 | 45  0.08990 -3.13677e+02
 46  0.01232 -6.71490e+00 | 47 -0.05172  2.63765e+01 | 48 -0.02261  9.68086e+00
 49 -0.05782 -1.34143e+01 | 50 -0.08504 -6.36531e+00 | 51  0.00707  5.78636e+01
 52 -0.06168  7.53558e+00 | 53  0.04367  1.70420e+02 | 54 -0.10537 -1.48253e+01
 55  0.02406 -1.97460e+01 | 56  0.02577  9.54229e+01 | 57  0.03352  3.85715e+01
 58 -0.20308 -3.43442e+01 | 59 -0.08792 -8.16441e+01 | 60 -0.06832 -7.73028e+01
 61  0.00739  1.25948e+02 | 62  0.01137  1.03129e+02 | 63 -0.13385 -2.88429e+01
 64 -0.06361 -2.61862e+01 | 65  0.05382 -1.37253e+02 | 66 -0.05267 -1.60282e+01
 67 -0.09451 -3.27473e+01 | 68 -0.01840  3.71237e+01 | 69  0.00993  1.32909e+02
 70 -0.19079 -2.22879e+01 | 71 -0.02642 -9.04287e+01 | 72 -0.09720 -2.66435e+01
 73  0.06258 -1.15301e+02 | 74 -0.07215 -1.90563e+01 | 75 -0.04596 -1.46184e+01
 76 -0.08325 -1.51268e+01 | 77  0.00629  7.78567e+01 | 78  0.02849  1.50296e+02
 79  0.03081  5.15263e+01 | 80 -0.05866 -1.61141e+01 | 81 -0.01613 -4.38017e+01
 82 -0.01148  2.61498e+01 | 83  0.00255  6.59227e+01 | 84 -0.06711 -6.21860e+00
 85 -0.02032  1.80248e+00 | 86 -0.02883 -8.73684e-01 | 87 -0.20586 -3.27285e+01
 88 -0.06707 -6.91220e+00 | 89 -0.04175 -1.94663e+01 | 90 -0.13889  2.90254e+01
 91 -0.04608  2.92084e+01 | 92 -0.00193  1.75775e+00 | 93 -0.00150  1.11190e+00
 94 -0.07951  1.36809e-02 | 95 -0.02473  1.07901e-01 | 96 -0.03638  3.84141e+01
 97 -0.65500  9.39573e+00 | 98 -0.46665 -4.38616e+00 | 99 -0.77961  4.42429e+00
100 -0.67662  4.20699e+00 |101  0.11066 -1.85082e+03 |102 -0.00002  8.68870e-04
103  0.04253  1.62835e+04 |104  0.19222  1.14513e-02 |105 -0.00000  4.69988e-16
106 -0.00000 -2.07672e-09 |107 -0.00000 -6.91285e-09 |108 -0.12772 -4.34456e-07
109  0.01263 -9.05338e-10 |110  0.12215 -1.64207e+03 |111 -0.17238 -1.59690e+02
112  0.01708  1.04910e+04 |113  0.18281 -7.15497e-01 |114  0.00000 -6.28418e-16
115 -0.04528 -2.42966e-01 |116 -0.07229  6.45127e+00 |117  0.00000 -2.02049e-06
118  0.07645  3.08119e-01 |119  0.45522 -1.90090e+02 |120 -0.06893 -1.48131e+00
121 -0.12375  3.68851e+03 |122  0.12698 -1.67429e-02 |123  0.00000 -6.65333e-05
124 -0.29110 -6.83058e+00 |125 -0.49022 -1.20621e+01 |126  0.12669  4.92983e-02
127 -0.26680  6.77226e+00 |128 -0.00000 -2.20864e-09 |129 -0.50030 -5.43172e+02
130 -0.00000 -1.23495e-12 |131 -0.64236  1.91129e+01 |132  0.00000  0.00000e+00
133 -0.15548 -1.33679e+03 |134  0.00000  5.59681e-07 |135 -0.00678 -1.25750e+04
136 -0.05511  1.52267e-01 |137 -0.51481 -4.74944e+01 |138 -0.23088 -8.84151e+00
139 -0.14377  3.00408e+02 |140  0.00000 -1.36492e-06 |141 -0.00000 -1.32117e-06
142  0.10683 -9.82567e+01 |143 -0.17639  6.32300e+03 |144 -0.00000 -2.20864e-09
145 -0.27005  3.43292e+00 |146  0.00000  0.00000e+00 |147 -0.00858  1.63460e+01
148 -0.00000 -1.71782e-07 |149  0.03626 -9.32057e+01 |150 -0.00000 -3.31536e-07
151 -0.03994 -2.19732e+01 |
151 variables; iteration 60; function evaluation 71; phase 3
Function value 2.2193811e+03; maximum gradient component mag 1.3349e+04
Var    Value     Gradient |Var    Value     Gradient |Var    Value     Gradient
  1 -0.15307  2.60326e+03 |  2 -0.07162  6.16658e+01 |  3  0.00023 -1.40461e+02
  4 -0.06826  3.03971e+02 |  5 -0.11900  4.21636e+02 |  6 -0.06140 -2.56695e+02
  7 -0.05102 -1.02095e+03 |  8 -0.37691 -7.46723e+01 |  9  0.05409  1.21111e+03
 10 -0.07704  2.70780e+02 | 11 -0.02276  5.70799e+02 | 12  0.02638  9.94893e+02
 13 -0.07515  1.84138e+02 | 14 -0.11468  1.51752e+02 | 15 -0.10225  1.18786e+02
 16 -0.10165 -1.00468e+02 | 17 -0.06463 -8.92863e+02 | 18 -0.01015 -2.18235e+03
 19  0.00003 -7.38434e+01 | 20 -0.14760  6.85727e+01 | 21 -0.04357  4.79076e+02
 22 -0.19935 -3.76039e+01 | 23 -0.02764  1.32304e+02 | 24  0.03054  6.25194e+02
 25 -0.14431  4.82140e+01 | 26 -0.12752  5.67280e+01 | 27 -0.07410  1.02045e+02
 28 -0.07625  1.26179e+02 | 29 -0.05535  1.50666e+02 | 30 -0.05952  2.05015e+01
 31 -0.18445 -1.34094e+01 | 32 -0.10688 -7.41617e+01 | 33 -0.19479 -3.47797e+01
 34 -0.03633  8.69043e+02 | 35 -0.16206 -4.48912e+01 | 36 -0.19581  1.33819e+02
 37 -0.21758 -4.34640e+01 | 38 -0.17725 -2.26158e+02 | 39 -0.13497 -1.79734e+02
 40  0.04855  4.86210e+02 | 41 -0.17534  3.44571e+00 | 42 -0.14502 -8.20096e+00
 43 -0.15805 -2.02441e+01 | 44 -0.08622 -2.41565e+01 | 45  0.09524 -3.14151e+02
 46  0.01976  3.70874e+01 | 47 -0.04224  4.64215e+01 | 48 -0.01945  7.83214e+00
 49 -0.04529  2.27724e+01 | 50 -0.07725  8.00366e+00 | 51  0.01352  3.27815e+01
 52 -0.05501  4.97288e+00 | 53  0.05125  2.11421e+02 | 54 -0.08802 -1.89871e+00
 55  0.03036 -7.90114e+00 | 56  0.03276  1.04399e+02 | 57  0.03974  4.20770e+01
 58 -0.21721 -3.27416e+01 | 59 -0.07202 -1.05341e+01 | 60 -0.05332 -5.26782e+00
 61  0.00918  3.84167e+01 | 62  0.01377  2.99845e+01 | 63 -0.11197 -2.88496e+01
 64 -0.07131 -6.16614e+01 | 65  0.06135 -1.31954e+02 | 66 -0.05976 -3.48716e+01
 67 -0.08100 -2.51357e+01 | 68 -0.01162  6.68083e+01 | 69  0.01505  1.49656e+02
 70 -0.15274 -8.70456e+00 | 71 -0.02309 -1.32752e+02 | 72 -0.09639 -3.66118e+01
 73  0.07164  2.22931e+01 | 74 -0.06730 -7.42245e+00 | 75 -0.03901 -1.59017e+01
 76 -0.07888 -2.39220e+01 | 77  0.01204  6.47751e+01 | 78  0.03502  1.78625e+02
 79  0.03614  7.42092e+01 | 80 -0.05605 -1.65901e+01 | 81 -0.01119 -5.27413e+01
 82 -0.00944  1.14078e+01 | 83  0.00864  9.94211e+01 | 84 -0.06276  6.19835e+00
 85 -0.01520 -2.06247e+00 | 86 -0.02885 -2.64429e+01 | 87 -0.17111 -2.06024e+01
 88 -0.06460 -2.19035e+00 | 89 -0.03803 -2.54631e+01 | 90 -0.13628  2.46981e+01
 91 -0.05012  9.81148e+00 | 92 -0.01220 -5.59621e-01 | 93 -0.00979 -5.74358e-01
 94 -0.07874 -9.84524e-03 | 95 -0.02188  1.08780e-01 | 96 -0.12887  1.73223e+01
 97 -0.66353  5.96949e+00 | 98 -0.38298 -1.69952e-01 | 99 -0.77134  5.73487e+00
100 -0.55370  1.40079e+01 |101  0.10686 -1.53834e+03 |102 -0.00006  1.27581e-03
103  0.04198  1.33494e+04 |104  0.19189  1.72785e-02 |105 -0.00000  6.64899e-16
106 -0.00000 -1.47559e-09 |107 -0.00000 -4.91177e-09 |108 -0.12772 -4.22109e-07
109  0.01263 -8.93348e-10 |110  0.12673 -4.57482e+02 |111 -0.16330  2.75726e+01
112  0.01736  4.65695e+03 |113  0.15732  1.25013e-01 |114  0.00000 -1.90954e-16
115 -0.04260 -4.33977e-02 |116 -0.15309  3.11668e+00 |117  0.00000 -1.36749e-06
118  0.06491 -2.98726e+00 |119  0.45901 -1.42980e+02 |120 -0.17582 -2.67210e+00
121 -0.12363  2.79919e+03 |122  0.12719 -1.23859e-02 |123  0.00000 -4.01130e-05
124 -0.15630 -4.46969e+00 |125 -0.27252 -5.07414e+00 |126  0.12529  8.87329e-02
127 -0.38351 -1.86309e+00 |128 -0.00000 -1.56933e-09 |129 -0.49946 -5.06316e+02
130 -0.00000 -1.10963e-12 |131 -0.64710 -1.46359e-01 |132  0.00000  0.00000e+00
133 -0.15565 -1.33402e+03 |134  0.00000  5.03077e-07 |135 -0.00668 -1.20369e+04
136 -0.06208 -4.19312e-01 |137 -0.50713  1.05990e+02 |138  0.11723 -3.05751e+00
139 -0.12224  2.13147e+02 |140  0.00000 -1.25179e-06 |141  0.00000 -1.27245e-06
142  0.12147 -4.81189e+01 |143 -0.17590  6.99633e+03 |144 -0.00000 -1.56933e-09
145 -0.28346 -8.61670e+00 |146  0.00000  0.00000e+00 |147 -0.02173  4.53907e+00
148 -0.00000 -1.54409e-07 |149  0.03955 -5.47829e+01 |150 -0.00000 -2.98007e-07
151 -0.04089 -3.46758e+01 |
151 variables; iteration 80; function evaluation 92; phase 3
Function value 2.1898754e+03; maximum gradient component mag 1.2551e+04
Var    Value     Gradient |Var    Value     Gradient |Var    Value     Gradient
  1 -0.15073  2.92870e+03 |  2 -0.07307  3.46961e+01 |  3 -0.00135 -2.48926e+02
  4 -0.06986  3.02827e+02 |  5 -0.12027  4.33693e+02 |  6 -0.06223 -1.95490e+02
  7 -0.05295 -9.58785e+02 |  8 -0.37625 -7.50616e+01 |  9  0.05039  7.73472e+02
 10 -0.06731  2.59672e+02 | 11 -0.02310  3.70258e+02 | 12  0.02226  5.03514e+02
 13 -0.07186  1.74771e+02 | 14 -0.11896  1.65145e+02 | 15 -0.10445  1.72187e+02
 16 -0.10164 -4.45141e+01 | 17 -0.06929 -8.06474e+02 | 18 -0.00744 -1.65268e+03
 19 -0.00420 -1.83012e+01 | 20 -0.14907  5.50392e+01 | 21 -0.04742  4.54002e+02
 22 -0.17596 -2.84394e+01 | 23 -0.03504  1.15522e+02 | 24  0.02743  7.83644e+02
 25 -0.13741  7.74456e+01 | 26 -0.12199  9.32075e+01 | 27 -0.06962  1.81641e+02
 28 -0.08484  1.66095e+02 | 29 -0.06519  2.14598e+02 | 30 -0.05506  1.83770e+02
 31 -0.17872  1.56171e+01 | 32 -0.11195 -6.31434e+01 | 33 -0.19305 -4.62746e+01
 34 -0.04052  5.84713e+02 | 35 -0.16466 -8.63730e+01 | 36 -0.19729  1.25612e+02
 37 -0.22364 -7.11313e+01 | 38 -0.18714 -3.24105e+02 | 39 -0.13873 -1.96320e+02
 40  0.04499  4.97807e+02 | 41 -0.15407  2.77529e+01 | 42 -0.14947  6.41168e+00
 43 -0.15764 -2.61174e+01 | 44 -0.09969 -6.36809e+01 | 45  0.09369 -3.11650e+02
 46  0.01506  1.71806e+01 | 47 -0.04328  5.75990e+01 | 48 -0.01673  7.71195e+01
 49 -0.04750  5.95926e+01 | 50 -0.07299  3.13328e+01 | 51  0.00957  2.47470e+01
 52 -0.05386  8.54217e+00 | 53  0.04478  1.25296e+02 | 54 -0.08157 -2.84459e+00
 55  0.02293 -6.18032e+01 | 56  0.03221  9.70305e+01 | 57  0.03246  2.81814e+01
 58 -0.13075 -4.57713e-01 | 59 -0.06945  4.59803e+01 | 60 -0.06367 -3.26191e+01
 61  0.01010  6.08164e+01 | 62  0.01063  1.45147e+00 | 63 -0.11457 -3.78458e+01
 64 -0.07484 -7.49083e+01 | 65  0.05995 -1.43788e+02 | 66 -0.05589 -1.31023e+01
 67 -0.07638  7.87148e+00 | 68 -0.00933  1.19560e+02 | 69  0.01450  1.68803e+02
 70 -0.13945  1.12802e+00 | 71 -0.02342 -1.16604e+02 | 72 -0.09243 -3.09889e+01
 73  0.07042  2.47666e+01 | 74 -0.06869 -5.41864e+00 | 75 -0.04011  2.92625e+00
 76 -0.07321 -6.97945e+00 | 77  0.00630  1.91172e+01 | 78  0.03585  2.17442e+02
 79  0.03158  4.17231e+01 | 80 -0.06081 -2.36446e+01 | 81 -0.01169 -2.29714e+01
 82 -0.01102  3.20512e+01 | 83  0.00500  8.11625e+01 | 84 -0.06792 -1.11080e+00
 85 -0.01663  2.44758e+01 | 86 -0.03181 -2.45458e+01 | 87 -0.18578 -2.79224e+01
 88 -0.06762 -4.68014e+00 | 89 -0.04122 -2.50268e+01 | 90 -0.14810  7.80331e+00
 91 -0.06059 -8.45616e+00 | 92 -0.00091  1.76426e+00 | 93 -0.00034  1.21833e+00
 94 -0.07261  1.05634e-01 | 95 -0.01151  3.75900e-01 | 96 -0.16567  3.12243e+00
 97 -0.65341  7.04720e+00 | 98 -0.10547  8.97023e+00 | 99 -0.77247  5.76105e+00
100 -0.61555  8.69318e+00 |101  0.10982 -1.27718e+03 |102 -0.00026 -1.49206e-03
103  0.04224  1.25510e+04 |104  0.18927  1.81549e-02 |105 -0.00000  3.48014e-16
106  0.00000  2.59152e-09 |107  0.00000  8.62683e-09 |108 -0.12772 -3.14426e-07
109  0.01263 -7.87402e-10 |110  0.12221  1.16618e+02 |111 -0.17555  6.12713e+01
112  0.01705  1.09710e+03 |113  0.20736 -2.87136e+01 |114  0.00000 -3.24592e-16
115 -0.04334  6.54113e-01 |116 -0.54333 -2.49256e+01 |117  0.00000  3.67085e-06
118  0.01643 -1.55872e+02 |119  0.46157 -1.04604e+02 |120 -0.62631 -1.41726e+01
121 -0.12463  1.96846e+03 |122  0.12898 -4.93399e-03 |123  0.00001  7.65667e-05
124  0.62696  1.23482e+01 |125 -0.43932 -4.76739e+00 |126  0.10796  3.02242e-01
127 -0.49242 -5.08240e+00 |128  0.00000  2.75612e-09 |129 -0.50253 -4.85365e+02
130 -0.00000 -8.82690e-14 |131 -0.62919  2.34032e+01 |132  0.00000  0.00000e+00
133 -0.15456 -1.35359e+03 |134  0.00000  4.03985e-08 |135 -0.00536 -1.03923e+04
136  0.05648  1.35329e+00 |137 -0.51670  1.36809e+01 |138  0.06754 -2.90420e+00
139 -0.14807  2.55524e+02 |140  0.00000 -1.09934e-07 |141  0.00000 -6.61434e-07
142  0.11651 -5.57539e+01 |143 -0.17698  5.10264e+03 |144  0.00000  2.75612e-09
145 -0.25000  3.18452e+01 |146  0.00000  0.00000e+00 |147  0.10626  9.78008e+00
148 -0.00000 -1.23995e-08 |149  0.03683 -8.08391e+01 |150 -0.00000 -2.39351e-08
151 -0.05007  7.65110e+01 |
Maximum number of function evaluations exceeded

 - final statistics:
151 variables; iteration 89; function evaluation 100
Function value 2.1657e+03; maximum gradient component mag 1.0623e+04
Exit code = 3;  converg criter 1.0000e+00
Var    Value     Gradient |Var    Value     Gradient |Var    Value     Gradient
  1 -0.14992  1.44056e+03 |  2 -0.07872  1.76258e+01 |  3 -0.00094 -2.54079e+02
  4 -0.07075  3.00488e+02 |  5 -0.11948  4.44529e+02 |  6 -0.06259 -1.71993e+02
  7 -0.05064 -7.45890e+02 |  8 -0.34164 -8.62618e+01 |  9  0.05013  5.04749e+02
 10 -0.07739  1.56158e+02 | 11 -0.02385  2.33839e+02 | 12  0.02238  2.43749e+02
 13 -0.07248  1.64029e+02 | 14 -0.11892  2.23929e+02 | 15 -0.10214  3.13560e+02
 16 -0.10332  2.73499e+01 | 17 -0.06738 -6.02311e+02 | 18 -0.00545 -1.26921e+03
 19 -0.00782 -1.46482e+02 | 20 -0.14971  3.18741e+01 | 21 -0.05158  3.65984e+02
 22 -0.15748 -1.67717e+01 | 23 -0.03938  9.26142e+01 | 24  0.02686  6.33885e+02
 25 -0.14339  5.16095e+01 | 26 -0.13131  4.83958e+01 | 27 -0.07047  7.16011e+01
 28 -0.09983  4.38499e+01 | 29 -0.06217  9.28438e+01 | 30 -0.05617  4.95548e+01
 31 -0.17445  4.83710e+00 | 32 -0.11011 -1.23069e+02 | 33 -0.21258 -6.74573e+01
 34 -0.04231  2.84700e+02 | 35 -0.16410 -1.14078e+02 | 36 -0.20316  9.84886e+01
 37 -0.21860  1.29676e+00 | 38 -0.19260 -2.55068e+02 | 39 -0.15001 -2.70073e+02
 40  0.03685  2.94528e+02 | 41 -0.16513  1.96682e+01 | 42 -0.15502  3.16082e+01
 43 -0.15639 -2.97365e+00 | 44 -0.12236 -8.30788e+01 | 45  0.08778 -2.13151e+02
 46  0.02195  1.43132e+02 | 47 -0.05304  6.32749e+01 | 48 -0.02454  4.82869e+00
 49 -0.06142 -2.58842e+01 | 50 -0.08320 -9.26405e+00 | 51  0.00223  1.70404e+01
 52 -0.05455  2.42009e+01 | 53  0.03641  8.69708e+01 | 54 -0.07670  1.37225e+01
 55  0.01949 -2.25105e+01 | 56  0.02221  4.25979e+01 | 57  0.02859  1.38937e+01
 58 -0.15401 -1.76774e+01 | 59 -0.08373 -7.10477e+00 | 60 -0.06699 -3.84744e+01
 61  0.00255  3.32273e+01 | 62  0.00483  1.20821e+01 | 63 -0.10462 -2.16745e+01
 64 -0.08429 -6.79337e+01 | 65  0.05670 -1.10888e+02 | 66 -0.06074 -1.13547e+01
 67 -0.07797  7.72041e+00 | 68 -0.01695  5.60793e+01 | 69  0.00944  1.21512e+02
 70 -0.13268  1.21533e+01 | 71 -0.02583 -7.33723e+01 | 72 -0.09279 -2.37150e+01
 73  0.06815  4.50282e+01 | 74 -0.06275  1.95691e+01 | 75 -0.03689  5.39757e+01
 76 -0.08070 -3.14976e+00 | 77  0.00976  7.38703e+01 | 78  0.02683  1.11357e+02
 79  0.03185  4.71521e+01 | 80 -0.06522 -1.76955e+01 | 81 -0.01125 -1.08054e+01
 82 -0.01644 -2.80540e+00 | 83  0.00359  6.74395e+01 | 84 -0.06616  1.26219e+01
 85 -0.01650  2.82582e+01 | 86 -0.03594 -1.77296e+01 | 87 -0.14727  8.01198e+00
 88 -0.06733  3.29525e+01 | 89 -0.04276 -6.44879e+01 | 90 -0.14458  6.78167e+00
 91 -0.05893 -1.01954e+01 | 92 -0.02844 -3.65095e+00 | 93 -0.02148 -2.67206e+00
 94 -0.06877  1.46157e-01 | 95 -0.00671  4.96741e-01 | 96 -0.13725  1.02781e+01
 97 -0.66251  5.09267e+00 | 98 -0.03959  1.05454e+01 | 99 -0.77715  3.07040e+00
100 -0.52023  2.00459e+01 |101  0.11247 -1.07016e+03 |102 -0.00038 -4.24648e-03
103  0.04215  1.06229e+04 |104  0.18648  1.30634e-02 |105 -0.00000 -6.18222e-16
106  0.00000  5.46864e-09 |107  0.00000  1.82040e-08 |108 -0.12772 -2.01431e-07
109  0.01263 -6.74207e-10 |110  0.11989 -2.39738e+01 |111 -0.17819 -1.14022e+01
112  0.01666 -1.20362e+02 |113  0.21766  4.07424e+01 |114  0.00000  4.92301e-16
115 -0.06806 -1.00940e+00 |116 -0.43902  6.22249e+00 |117  0.00000  5.72660e-06
118  0.02536 -9.91718e+01 |119  0.47108 -1.23181e+02 |120 -0.58804 -1.24766e+01
121 -0.12364  2.57445e+03 |122  0.13090 -3.91189e-03 |123  0.00001  1.42756e-04
124  0.92095  7.47954e+01 |125 -0.51355 -5.73677e+00 |126  0.08167  2.60084e+00
127 -0.53330 -8.27309e+00 |128  0.00000  5.81601e-09 |129 -0.50392 -3.69798e+02
130  0.00000  8.88139e-13 |131 -0.63157 -2.42318e+00 |132  0.00000  0.00000e+00
133 -0.15250 -1.25841e+03 |134 -0.00000 -4.02277e-07 |135 -0.00423 -7.62065e+03
136  0.14138  2.73978e+00 |137 -0.52146  1.25349e+01 |138 -0.02478 -5.13401e+00
139 -0.15362  2.12190e+02 |140  0.00000  1.05319e-06 |141  0.00000 -4.24253e-08
142  0.10299 -9.87460e+01 |143 -0.17734  4.06699e+03 |144  0.00000  5.81601e-09
145 -0.28584 -2.42157e+01 |146  0.00000  0.00000e+00 |147 -0.00304  1.67907e+01
148  0.00000  1.23470e-07 |149  0.03632 -8.06169e+01 |150  0.00000  2.38288e-07
151 -0.04239  2.78849e+01 |

Initial statistics: 198 variables; iteration 0; function evaluation 0; phase 4
Function value 2.1656716e+03; maximum gradient component mag 1.0623e+04
Var    Value     Gradient |Var    Value     Gradient |Var    Value     Gradient
  1 -0.14992  1.44056e+03 |  2  0.00000 -1.35875e-04 |  3  0.00000 -1.65336e-04
  4  0.00000 -3.67498e-04 |  5  0.00000 -8.18900e-04 |  6  0.00000 -1.83275e-03
  7  0.00000 -4.13278e-03 |  8  0.00000 -9.43330e-03 |  9  0.00000 -2.20084e-02
 10  0.00000 -5.34424e-02 | 11  0.00000 -1.38690e-01 | 12  0.00000 -3.83334e-01
 13  0.00000 -6.01092e-01 | 14  0.00000 -5.02352e-01 | 15  0.00000  8.15365e-02
 16  0.00000  8.34028e-02 | 17  0.00000  6.10784e-01 | 18  0.00000 -8.55229e-01
 19  0.00000 -1.47115e+00 | 20  0.00000 -1.82351e+00 | 21  0.00000 -2.48442e+00
 22  0.00000 -4.20667e+00 | 23  0.00000 -6.59819e+00 | 24  0.00000 -1.04664e+01
 25  0.00000 -1.73280e+01 | 26  0.00000 -2.85639e+01 | 27  0.00000 -4.67180e+01
 28  0.00000 -7.70033e+01 | 29  0.00000 -1.24306e+02 | 30  0.00000 -1.83669e+02
 31  0.00000 -2.04226e+02 | 32  0.00000 -9.35142e+01 | 33  0.00000  1.51395e+02
 34  0.00000  3.30414e+02 | 35  0.00000  5.81962e+02 | 36  0.00000  4.82316e+01
 37  0.00000  9.23819e+01 | 38 -0.07872  1.76258e+01 | 39 -0.00094 -2.54079e+02
 40 -0.07075  3.00488e+02 | 41 -0.11948  4.44529e+02 | 42 -0.06259 -1.71993e+02
 43 -0.05064 -7.45890e+02 | 44 -0.34164 -8.62618e+01 | 45  0.05013  5.04749e+02
 46 -0.07739  1.56158e+02 | 47 -0.02385  2.33839e+02 | 48  0.02238  2.43749e+02
 49 -0.07248  1.64029e+02 | 50 -0.11892  2.23929e+02 | 51 -0.10214  3.13560e+02
 52 -0.10332  2.73499e+01 | 53 -0.06738 -6.02311e+02 | 54 -0.00545 -1.26921e+03
 55 -0.00782 -1.46482e+02 | 56 -0.14971  3.18741e+01 | 57 -0.05158  3.65984e+02
 58 -0.15748 -1.67717e+01 | 59 -0.03938  9.26142e+01 | 60  0.02686  6.33885e+02
 61 -0.14339  5.16095e+01 | 62 -0.13131  4.83958e+01 | 63 -0.07047  7.16011e+01
 64 -0.09983  4.38499e+01 | 65 -0.06217  9.28438e+01 | 66 -0.05617  4.95548e+01
 67 -0.17445  4.83710e+00 | 68 -0.11011 -1.23069e+02 | 69 -0.21258 -6.74573e+01
 70 -0.04231  2.84700e+02 | 71 -0.16410 -1.14078e+02 | 72 -0.20316  9.84886e+01
 73 -0.21860  1.29676e+00 | 74 -0.19260 -2.55068e+02 | 75 -0.15001 -2.70073e+02
 76  0.03685  2.94528e+02 | 77 -0.16513  1.96682e+01 | 78 -0.15502  3.16082e+01
 79 -0.15639 -2.97365e+00 | 80 -0.12236 -8.30788e+01 | 81  0.08778 -2.13151e+02
 82  0.02195  1.43132e+02 | 83 -0.05304  6.32749e+01 | 84 -0.02454  4.82869e+00
 85 -0.06142 -2.58842e+01 | 86 -0.08320 -9.26405e+00 | 87  0.00223  1.70404e+01
 88 -0.05455  2.42009e+01 | 89  0.03641  8.69708e+01 | 90 -0.07670  1.37225e+01
 91  0.01949 -2.25105e+01 | 92  0.02221  4.25979e+01 | 93  0.02859  1.38937e+01
 94 -0.15401 -1.76774e+01 | 95 -0.08373 -7.10477e+00 | 96 -0.06699 -3.84744e+01
 97  0.00255  3.32273e+01 | 98  0.00483  1.20821e+01 | 99 -0.10462 -2.16745e+01
100 -0.08429 -6.79337e+01 |101  0.05670 -1.10888e+02 |102 -0.06074 -1.13547e+01
103 -0.07797  7.72041e+00 |104 -0.01695  5.60793e+01 |105  0.00944  1.21512e+02
106 -0.13268  1.21533e+01 |107 -0.02583 -7.33723e+01 |108 -0.09279 -2.37150e+01
109  0.06815  4.50282e+01 |110 -0.06275  1.95691e+01 |111 -0.03689  5.39757e+01
112 -0.08070 -3.14976e+00 |113  0.00976  7.38703e+01 |114  0.02683  1.11357e+02
115  0.03185  4.71521e+01 |116 -0.06522 -1.76955e+01 |117 -0.01125 -1.08054e+01
118 -0.01644 -2.80540e+00 |119  0.00359  6.74395e+01 |120 -0.06616  1.26219e+01
121 -0.01650  2.82582e+01 |122 -0.03594 -1.77296e+01 |123 -0.14727  8.01198e+00
124 -0.06733  3.29525e+01 |125 -0.04276 -6.44879e+01 |126 -0.14458  6.78167e+00
127 -0.05893 -1.01954e+01 |128 -0.02844 -3.65095e+00 |129 -0.02148 -2.67206e+00
130 -0.06877  1.46157e-01 |131 -0.00671  4.96741e-01 |132 -0.13725  1.02781e+01
133 -0.66251  5.09267e+00 |134 -0.03959  1.05454e+01 |135 -0.77715  3.07040e+00
136 -0.52023  2.00459e+01 |137  0.11247 -1.07016e+03 |138 -0.00038 -4.24648e-03
139  0.04215  1.06229e+04 |140  0.18648  1.30634e-02 |141 -0.00000 -6.18222e-16
142  0.00000  5.46864e-09 |143  0.00000  1.82040e-08 |144 -0.12772 -2.01431e-07
145  0.01263 -6.74207e-10 |146  0.18663 -3.35313e+02 |147 -0.05814 -1.06998e+03
148 -0.02329 -1.59531e+03 |149  0.01060 -9.52280e+00 |150  0.11989 -2.39738e+01
151 -0.17819 -1.14022e+01 |152  0.01666 -1.20362e+02 |153  0.21766  4.07424e+01
154  0.00000  4.92301e-16 |155 -0.06806 -1.00940e+00 |156 -0.43902  6.22249e+00
157  0.00000  5.72660e-06 |158  0.02536 -9.91718e+01 |159 -0.01228 -1.40061e+01
160 -0.04620  2.61324e+02 |161  0.12892  9.90832e+02 |162  0.47108 -1.23181e+02
163 -0.58804 -1.24766e+01 |164 -0.12364  2.57445e+03 |165  0.13090 -3.91189e-03
166  0.00001  1.42756e-04 |167  0.92095  7.47954e+01 |168 -0.51355 -5.73677e+00
169  0.08167  2.60084e+00 |170 -0.53330 -8.27309e+00 |171 -0.29517  2.16149e+02
172 -0.09571  1.69466e+00 |173 -0.25952  9.85654e+02 |174  0.19931  8.96210e+01
175  0.00000  5.81601e-09 |176 -0.50392 -3.69798e+02 |177  0.00000  8.88139e-13
178 -0.63157 -2.42318e+00 |179  0.00000  0.00000e+00 |180 -0.15250 -1.25841e+03
181 -0.00000 -4.02277e-07 |182 -0.00423 -7.62065e+03 |183  0.14138  2.73978e+00
184 -0.52146  1.25349e+01 |185 -0.02478 -5.13401e+00 |186 -0.15362  2.12190e+02
187  0.00000  1.05319e-06 |188  0.00000 -4.24253e-08 |189  0.10299 -9.87460e+01
190 -0.17734  4.06699e+03 |191  0.00000  5.81601e-09 |192 -0.28584 -2.42157e+01
193  0.00000  0.00000e+00 |194 -0.00304  1.67907e+01 |195  0.00000  1.23470e-07
196  0.03632 -8.06169e+01 |197  0.00000  2.38288e-07 |198 -0.04239  2.78849e+01

Intermediate statistics: 198 variables; iteration 20; function evaluation 26; phase 4
Function value 2.0938690e+03; maximum gradient component mag -4.6634e+03
Var    Value     Gradient |Var    Value     Gradient |Var    Value     Gradient
  1 -0.15264 -2.39364e+02 |  2  0.00000 -7.89051e-05 |  3  0.00000 -9.77517e-05
  4  0.00000 -2.19451e-04 |  5  0.00000 -4.93657e-04 |  6  0.00000 -1.11507e-03
  7  0.00000 -2.53757e-03 |  8  0.00000 -5.83950e-03 |  9  0.00000 -1.37220e-02
 10  0.00001 -3.36691e-02 | 11  0.00003 -9.02768e-02 | 12  0.00008 -2.72510e-01
 13  0.00013 -4.33827e-01 | 14  0.00010 -3.23083e-01 | 15 -0.00005  3.32249e-01
 16 -0.00007  4.92411e-01 | 17 -0.00025  1.20790e+00 | 18  0.00007  5.80245e-02
 19  0.00015 -5.32085e-02 | 20  0.00013  3.74480e-01 | 21  0.00012  9.86323e-01
 22  0.00025  1.25921e+00 | 23  0.00040  2.01363e+00 | 24  0.00063  3.21357e+00
 25  0.00118  4.51749e+00 | 26  0.00218  6.34355e+00 | 27  0.00393  8.78068e+00
 28  0.00736  1.06050e+01 | 29  0.01357  1.01067e+01 | 30  0.02157  1.05860e+01
 31  0.01903  3.45183e+01 | 32 -0.00454  5.37549e+01 | 33 -0.02129  7.08434e+01
 34  0.01009  1.59890e+02 | 35 -0.01004  4.49411e+01 | 36  0.00371 -1.41269e+02
 37 -0.00129 -1.41068e+02 | 38 -0.08074 -5.51564e+01 | 39  0.00567 -4.01012e+02
 40 -0.07008 -1.69646e+00 | 41 -0.13608  6.71557e+01 | 42 -0.05491  5.31980e+01
 43 -0.03963  1.18680e+02 | 44 -0.32184 -8.50693e+01 | 45  0.05209  2.16014e+01
 46 -0.09360  2.45280e+01 | 47 -0.04775  7.21949e+01 | 48  0.03602  1.98539e+02
 49 -0.08875 -6.42162e+01 | 50 -0.11855 -6.95691e+01 | 51 -0.10190  2.59103e+01
 52 -0.10521 -3.09858e+01 | 53 -0.05992 -1.42843e+02 | 54  0.00094 -5.97304e+02
 55 -0.00995 -5.58530e+02 | 56 -0.14597 -6.19624e+01 | 57 -0.05511 -1.34699e+02
 58 -0.14791 -7.94126e+01 | 59 -0.03816  3.09233e+00 | 60  0.02546  2.33332e+02
 61 -0.14400  2.10396e+01 | 62 -0.12886  2.68786e+01 | 63 -0.06306  8.60474e+01
 64 -0.09949  6.12602e+01 | 65 -0.06649  1.29779e+02 | 66 -0.05379  1.31450e+02
 67 -0.17762  2.93597e+01 | 68 -0.10440  4.32906e+01 | 69 -0.19725 -3.82258e+01
 70 -0.04125  5.07446e+02 | 71 -0.14980  5.78611e+01 | 72 -0.21061  8.78275e+01
 73 -0.21563  3.49043e+01 | 74 -0.18544 -3.70728e+01 | 75 -0.13696 -1.46586e+01
 76  0.03393 -1.33464e+02 | 77 -0.16813  3.50208e+00 | 78 -0.16243  1.24713e+01
 79 -0.15878  1.05532e+01 | 80 -0.10960 -2.91917e+01 | 81  0.09276 -4.16970e+01
 82  0.00578 -2.14853e+01 | 83 -0.05996 -2.00648e+00 | 84 -0.02562  9.17668e+00
 85 -0.06054  1.43541e+01 | 86 -0.08391  9.36905e+00 | 87 -0.00149 -6.24055e+00
 88 -0.05837  7.46270e+00 | 89  0.03290  2.00048e+01 | 90 -0.07958  9.03295e+00
 91  0.02004 -1.43518e+01 | 92  0.01806 -9.86179e+00 | 93  0.02829  4.56354e+00
 94 -0.15037 -1.39918e+01 | 95 -0.08637  8.79009e+00 | 96 -0.06321 -6.23396e+00
 97 -0.00030 -2.87107e+00 | 98  0.00446  1.54251e+00 | 99 -0.10186 -1.13311e+00
100 -0.07421 -2.19390e+01 |101  0.05630 -7.58348e+01 |102 -0.06128 -9.29970e+00
103 -0.07999  5.79592e+00 |104 -0.01999  2.30719e+01 |105  0.00408  4.02928e+01
106 -0.13592  1.11135e+01 |107 -0.02735 -1.63401e+01 |108 -0.09071 -7.44288e+00
109  0.06401 -1.20623e+01 |110 -0.06667  8.61438e-01 |111 -0.04785  2.45568e+00
112 -0.08067 -6.46704e+00 |113  0.00242  4.45666e+00 |114  0.01943  1.33205e+00
115  0.02870  5.34811e+00 |116 -0.06246 -1.09501e+01 |117 -0.01493 -5.08633e+00
118 -0.01651 -5.27931e+00 |119 -0.00094  4.74743e+00 |120 -0.06622 -2.48347e+00
121 -0.02018  8.88128e+00 |122 -0.03432  1.13446e+01 |123 -0.14928  7.34748e+00
124 -0.07324  5.68037e+00 |125 -0.03830  1.56883e+01 |126 -0.14591  1.01412e+01
127 -0.05288 -1.25087e+01 |128 -0.02753 -3.55503e+00 |129 -0.02086 -2.46023e+00
130 -0.06882  1.80194e-01 |131 -0.00679  2.40869e-01 |132 -0.14074  1.55614e+01
133 -0.66371  5.71579e+00 |134 -0.04215  1.06621e+01 |135 -0.77965  9.32673e+00
136 -0.52496  2.08466e+01 |137  0.11611 -2.84092e+02 |138 -0.00038 -6.01434e-03
139  0.04152  2.70483e+03 |140  0.18648 -5.77933e-03 |141 -0.00000 -1.06957e-15
142  0.00000  5.44917e-09 |143  0.00000  1.81392e-08 |144 -0.12772 -2.01365e-07
145  0.01263 -6.74104e-10 |146  0.18540 -1.54312e+03 |147 -0.05544 -2.73782e+02
148 -0.02541 -8.60892e+02 |149  0.01162 -2.73984e+01 |150  0.11788  3.42366e+02
151 -0.16692  7.79955e+01 |152  0.01646 -2.56090e+03 |153  0.19377  2.38631e+00
154  0.00000  6.41957e-16 |155 -0.06799 -6.78535e-01 |156 -0.43629 -9.92874e+00
157  0.00000  6.58252e-06 |158  0.01218 -1.75169e+02 |159 -0.00897 -1.43127e+01
160 -0.04584 -7.80950e+02 |161  0.12928  8.45099e+02 |162  0.47955  1.18684e+02
163 -0.58505 -1.23554e+01 |164 -0.12395 -4.66340e+03 |165  0.13090 -1.15430e-03
166  0.00001  1.54436e-04 |167  0.90411  6.14539e+01 |168 -0.51128 -9.94287e+00
169  0.08102  2.40095e+00 |170 -0.53056 -9.83657e+00 |171 -0.29293  1.53230e+02
172 -0.09354 -2.98518e+01 |173 -0.26521 -2.05537e+02 |174  0.20035  1.32667e+02
175  0.00000  5.79531e-09 |176 -0.49842 -2.10917e+01 |177  0.00000  8.86777e-13
178 -0.61762 -3.02387e+01 |179  0.00000  0.00000e+00 |180 -0.14571 -4.09005e+02
181 -0.00000 -4.01799e-07 |182 -0.00274 -4.32910e+02 |183  0.14075  2.55646e+00
184 -0.53802  2.46853e+02 |185 -0.02419 -2.95996e-01 |186 -0.18101 -5.12935e+01
187  0.00000  1.00436e-06 |188  0.00000  2.59979e-07 |189  0.10772 -7.88830e+01
190 -0.17807  3.96266e+03 |191  0.00000  5.79531e-09 |192 -0.29904  8.76138e+01
193  0.00000  0.00000e+00 |194  0.00358 -4.94687e+01 |195  0.00000  1.23324e-07
196  0.04764 -3.27310e+01 |197  0.00000  2.38005e-07 |198 -0.03656  2.11406e+02
